Archive member included to satisfy reference by file (symbol)

c:/st/stm32cubeide_1.12.0/stm32cubeide/plugins/com.st.stm32cube.ide.mcu.externaltools.gnu-tools-for-stm32.10.3-2021.10.win32_1.0.200.202301161003/tools/bin/../lib/gcc/arm-none-eabi/10.3.1/../../../../arm-none-eabi/lib/thumb/v6-m/nofp\libc_nano.a(lib_a-assert.o)
                              ./qr-codegen/qrcodegen.o (__assert_func)
c:/st/stm32cubeide_1.12.0/stm32cubeide/plugins/com.st.stm32cube.ide.mcu.externaltools.gnu-tools-for-stm32.10.3-2021.10.win32_1.0.200.202301161003/tools/bin/../lib/gcc/arm-none-eabi/10.3.1/../../../../arm-none-eabi/lib/thumb/v6-m/nofp\libc_nano.a(lib_a-errno.o)
                              ./Core/Src/syscalls.o (__errno)
c:/st/stm32cubeide_1.12.0/stm32cubeide/plugins/com.st.stm32cube.ide.mcu.externaltools.gnu-tools-for-stm32.10.3-2021.10.win32_1.0.200.202301161003/tools/bin/../lib/gcc/arm-none-eabi/10.3.1/../../../../arm-none-eabi/lib/thumb/v6-m/nofp\libc_nano.a(lib_a-exit.o)
                              c:/st/stm32cubeide_1.12.0/stm32cubeide/plugins/com.st.stm32cube.ide.mcu.externaltools.gnu-tools-for-stm32.10.3-2021.10.win32_1.0.200.202301161003/tools/bin/../lib/gcc/arm-none-eabi/10.3.1/../../../../arm-none-eabi/lib/thumb/v6-m/nofp/crt0.o (exit)
c:/st/stm32cubeide_1.12.0/stm32cubeide/plugins/com.st.stm32cube.ide.mcu.externaltools.gnu-tools-for-stm32.10.3-2021.10.win32_1.0.200.202301161003/tools/bin/../lib/gcc/arm-none-eabi/10.3.1/../../../../arm-none-eabi/lib/thumb/v6-m/nofp\libc_nano.a(lib_a-fprintf.o)
                              c:/st/stm32cubeide_1.12.0/stm32cubeide/plugins/com.st.stm32cube.ide.mcu.externaltools.gnu-tools-for-stm32.10.3-2021.10.win32_1.0.200.202301161003/tools/bin/../lib/gcc/arm-none-eabi/10.3.1/../../../../arm-none-eabi/lib/thumb/v6-m/nofp\libc_nano.a(lib_a-assert.o) (fiprintf)
c:/st/stm32cubeide_1.12.0/stm32cubeide/plugins/com.st.stm32cube.ide.mcu.externaltools.gnu-tools-for-stm32.10.3-2021.10.win32_1.0.200.202301161003/tools/bin/../lib/gcc/arm-none-eabi/10.3.1/../../../../arm-none-eabi/lib/thumb/v6-m/nofp\libc_nano.a(lib_a-impure.o)
                              c:/st/stm32cubeide_1.12.0/stm32cubeide/plugins/com.st.stm32cube.ide.mcu.externaltools.gnu-tools-for-stm32.10.3-2021.10.win32_1.0.200.202301161003/tools/bin/../lib/gcc/arm-none-eabi/10.3.1/../../../../arm-none-eabi/lib/thumb/v6-m/nofp\libc_nano.a(lib_a-exit.o) (_global_impure_ptr)
c:/st/stm32cubeide_1.12.0/stm32cubeide/plugins/com.st.stm32cube.ide.mcu.externaltools.gnu-tools-for-stm32.10.3-2021.10.win32_1.0.200.202301161003/tools/bin/../lib/gcc/arm-none-eabi/10.3.1/../../../../arm-none-eabi/lib/thumb/v6-m/nofp\libc_nano.a(lib_a-init.o)
                              c:/st/stm32cubeide_1.12.0/stm32cubeide/plugins/com.st.stm32cube.ide.mcu.externaltools.gnu-tools-for-stm32.10.3-2021.10.win32_1.0.200.202301161003/tools/bin/../lib/gcc/arm-none-eabi/10.3.1/../../../../arm-none-eabi/lib/thumb/v6-m/nofp/crt0.o (__libc_init_array)
c:/st/stm32cubeide_1.12.0/stm32cubeide/plugins/com.st.stm32cube.ide.mcu.externaltools.gnu-tools-for-stm32.10.3-2021.10.win32_1.0.200.202301161003/tools/bin/../lib/gcc/arm-none-eabi/10.3.1/../../../../arm-none-eabi/lib/thumb/v6-m/nofp\libc_nano.a(lib_a-memcpy-stub.o)
                              ./Core/Src/eink_nfc.o (memcpy)
c:/st/stm32cubeide_1.12.0/stm32cubeide/plugins/com.st.stm32cube.ide.mcu.externaltools.gnu-tools-for-stm32.10.3-2021.10.win32_1.0.200.202301161003/tools/bin/../lib/gcc/arm-none-eabi/10.3.1/../../../../arm-none-eabi/lib/thumb/v6-m/nofp\libc_nano.a(lib_a-memmove.o)
                              ./qr-codegen/qrcodegen.o (memmove)
c:/st/stm32cubeide_1.12.0/stm32cubeide/plugins/com.st.stm32cube.ide.mcu.externaltools.gnu-tools-for-stm32.10.3-2021.10.win32_1.0.200.202301161003/tools/bin/../lib/gcc/arm-none-eabi/10.3.1/../../../../arm-none-eabi/lib/thumb/v6-m/nofp\libc_nano.a(lib_a-memset.o)
                              c:/st/stm32cubeide_1.12.0/stm32cubeide/plugins/com.st.stm32cube.ide.mcu.externaltools.gnu-tools-for-stm32.10.3-2021.10.win32_1.0.200.202301161003/tools/bin/../lib/gcc/arm-none-eabi/10.3.1/../../../../arm-none-eabi/lib/thumb/v6-m/nofp/crt0.o (memset)
c:/st/stm32cubeide_1.12.0/stm32cubeide/plugins/com.st.stm32cube.ide.mcu.externaltools.gnu-tools-for-stm32.10.3-2021.10.win32_1.0.200.202301161003/tools/bin/../lib/gcc/arm-none-eabi/10.3.1/../../../../arm-none-eabi/lib/thumb/v6-m/nofp\libc_nano.a(lib_a-nano-vfprintf.o)
                              c:/st/stm32cubeide_1.12.0/stm32cubeide/plugins/com.st.stm32cube.ide.mcu.externaltools.gnu-tools-for-stm32.10.3-2021.10.win32_1.0.200.202301161003/tools/bin/../lib/gcc/arm-none-eabi/10.3.1/../../../../arm-none-eabi/lib/thumb/v6-m/nofp\libc_nano.a(lib_a-fprintf.o) (_vfprintf_r)
c:/st/stm32cubeide_1.12.0/stm32cubeide/plugins/com.st.stm32cube.ide.mcu.externaltools.gnu-tools-for-stm32.10.3-2021.10.win32_1.0.200.202301161003/tools/bin/../lib/gcc/arm-none-eabi/10.3.1/../../../../arm-none-eabi/lib/thumb/v6-m/nofp\libc_nano.a(lib_a-nano-vfprintf_i.o)
[...]
Memory Configuration

Name             Origin             Length             Attributes
RAM              0x0000000020000000 0x0000000000002000 xrw
FLASH            0x0000000008000000 0x0000000000010000 xr
*default*        0x0000000000000000 0xffffffffffffffff

Linker script and memory map

LOAD c:/st/stm32cubeide_1.12.0/stm32cubeide/plugins/com.st.stm32cube.ide.mcu.externaltools.gnu-tools-for-stm32.10.3-2021.10.win32_1.0.200.202301161003/tools/bin/../lib/gcc/arm-none-eabi/10.3.1/thumb/v6-m/nofp/crti.o
LOAD c:/st/stm32cubeide_1.12.0/stm32cubeide/plugins/com.st.stm32cube.ide.mcu.externaltools.gnu-tools-for-stm32.10.3-2021.10.win32_1.0.200.202301161003/tools/bin/../lib/gcc/arm-none-eabi/10.3.1/thumb/v6-m/nofp/crtbegin.o
LOAD c:/st/stm32cubeide_1.12.0/stm32cubeide/plugins/com.st.stm32cube.ide.mcu.externaltools.gnu-tools-for-stm32.10.3-2021.10.win32_1.0.200.202301161003/tools/bin/../lib/gcc/arm-none-eabi/10.3.1/../../../../arm-none-eabi/lib/thumb/v6-m/nofp/crt0.o
LOAD ./Core/Src/eink_nfc.o
LOAD ./Core/Src/gpio.o
LOAD ./Core/Src/i2c.o
LOAD ./Core/Src/main.o
LOAD ./Core/Src/spi.o
LOAD ./Core/Src/stm32l0xx_hal_msp.o
LOAD ./Core/Src/stm32l0xx_it.o
LOAD ./Core/Src/syscalls.o
LOAD ./Core/Src/sysmem.o
LOAD ./Core/Src/system_stm32l0xx.o
LOAD ./Core/Src/usart.o
LOAD ./Core/Startup/startup_stm32l053c8tx.o
LOAD ./Drivers/STM32L0xx_HAL_Driver/Src/stm32l0xx_hal.o
LOAD ./Drivers/STM32L0xx_HAL_Driver/Src/stm32l0xx_hal_cortex.o
LOAD ./Drivers/STM32L0xx_HAL_Driver/Src/stm32l0xx_hal_dma.o
LOAD ./Drivers/STM32L0xx_HAL_Driver/Src/stm32l0xx_hal_exti.o
LOAD ./Drivers/STM32L0xx_HAL_Driver/Src/stm32l0xx_hal_flash.o
LOAD ./Drivers/STM32L0xx_HAL_Driver/Src/stm32l0xx_hal_flash_ex.o
LOAD ./Drivers/STM32L0xx_HAL_Driver/Src/stm32l0xx_hal_flash_ramfunc.o
LOAD ./Drivers/STM32L0xx_HAL_Driver/Src/stm32l0xx_hal_gpio.o
LOAD ./Drivers/STM32L0xx_HAL_Driver/Src/stm32l0xx_hal_i2c.o
LOAD ./Drivers/STM32L0xx_HAL_Driver/Src/stm32l0xx_hal_i2c_ex.o
LOAD ./Drivers/STM32L0xx_HAL_Driver/Src/stm32l0xx_hal_pwr.o
LOAD ./Drivers/STM32L0xx_HAL_Driver/Src/stm32l0xx_hal_pwr_ex.o
LOAD ./Drivers/STM32L0xx_HAL_Driver/Src/stm32l0xx_hal_rcc.o
LOAD ./Drivers/STM32L0xx_HAL_Driver/Src/stm32l0xx_hal_rcc_ex.o
LOAD ./Drivers/STM32L0xx_HAL_Driver/Src/stm32l0xx_hal_spi.o
LOAD ./Drivers/STM32L0xx_HAL_Driver/Src/stm32l0xx_hal_tim.o
LOAD ./Drivers/STM32L0xx_HAL_Driver/Src/stm32l0xx_hal_tim_ex.o
LOAD ./Drivers/STM32L0xx_HAL_Driver/Src/stm32l0xx_hal_uart.o
LOAD ./Drivers/STM32L0xx_HAL_Driver/Src/stm32l0xx_hal_uart_ex.o
LOAD ./epd-lib/Config/DEV_Config.o
LOAD ./epd-lib/Fonts/font12.o
LOAD ./epd-lib/Fonts/font12CN.o
LOAD ./epd-lib/Fonts/font16.o
LOAD ./epd-lib/Fonts/font20.o
LOAD ./epd-lib/Fonts/font24.o
LOAD ./epd-lib/Fonts/font24CN.o
LOAD ./epd-lib/Fonts/font8.o
LOAD ./epd-lib/GUI/GUI_Paint_new.o
LOAD ./epd-lib/e-Paper/EPD_2in13d.o
LOAD ./epd-lib/e-Paper/ImageData.o
LOAD ./qr-codegen/qrcodegen.o
LOAD ./st25dv/st25dv.o
LOAD ./st25dv/st25dv_reg.o
START GROUP
LOAD c:/st/stm32cubeide_1.12.0/stm32cubeide/plugins/com.st.stm32cube.ide.mcu.externaltools.gnu-tools-for-stm32.10.3-2021.10.win32_1.0.200.202301161003/tools/bin/../lib/gcc/arm-none-eabi/10.3.1/../../../../arm-none-eabi/lib/thumb/v6-m/nofp\libc_nano.a
LOAD c:/st/stm32cubeide_1.12.0/stm32cubeide/plugins/com.st.stm32cube.ide.mcu.externaltools.gnu-tools-for-stm32.10.3-2021.10.win32_1.0.200.202301161003/tools/bin/../lib/gcc/arm-none-eabi/10.3.1/../../../../arm-none-eabi/lib/thumb/v6-m/nofp\libm.a
END GROUP
START GROUP
LOAD c:/st/stm32cubeide_1.12.0/stm32cubeide/plugins/com.st.stm32cube.ide.mcu.externaltools.gnu-tools-for-stm32.10.3-2021.10.win32_1.0.200.202301161003/tools/bin/../lib/gcc/arm-none-eabi/10.3.1/thumb/v6-m/nofp\libgcc.a
LOAD c:/st/stm32cubeide_1.12.0/stm32cubeide/plugins/com.st.stm32cube.ide.mcu.externaltools.gnu-tools-for-stm32.10.3-2021.10.win32_1.0.200.202301161003/tools/bin/../lib/gcc/arm-none-eabi/10.3.1/../../../../arm-none-eabi/lib/thumb/v6-m/nofp\libc_nano.a
END GROUP
START GROUP
LOAD c:/st/stm32cubeide_1.12.0/stm32cubeide/plugins/com.st.stm32cube.ide.mcu.externaltools.gnu-tools-for-stm32.10.3-2021.10.win32_1.0.200.202301161003/tools/bin/../lib/gcc/arm-none-eabi/10.3.1/thumb/v6-m/nofp\libgcc.a
LOAD c:/st/stm32cubeide_1.12.0/stm32cubeide/plugins/com.st.stm32cube.ide.mcu.externaltools.gnu-tools-for-stm32.10.3-2021.10.win32_1.0.200.202301161003/tools/bin/../lib/gcc/arm-none-eabi/10.3.1/../../../../arm-none-eabi/lib/thumb/v6-m/nofp\libc_nano.a
LOAD c:/st/stm32cubeide_1.12.0/stm32cubeide/plugins/com.st.stm32cube.ide.mcu.externaltools.gnu-tools-for-stm32.10.3-2021.10.win32_1.0.200.202301161003/tools/bin/../lib/gcc/arm-none-eabi/10.3.1/../../../../arm-none-eabi/lib/thumb/v6-m/nofp\libnosys.a
END GROUP
START GROUP
LOAD c:/st/stm32cubeide_1.12.0/stm32cubeide/plugins/com.st.stm32cube.ide.mcu.externaltools.gnu-tools-for-stm32.10.3-2021.10.win32_1.0.200.202301161003/tools/bin/../lib/gcc/arm-none-eabi/10.3.1/thumb/v6-m/nofp\libgcc.a
LOAD c:/st/stm32cubeide_1.12.0/stm32cubeide/plugins/com.st.stm32cube.ide.mcu.externaltools.gnu-tools-for-stm32.10.3-2021.10.win32_1.0.200.202301161003/tools/bin/../lib/gcc/arm-none-eabi/10.3.1/../../../../arm-none-eabi/lib/thumb/v6-m/nofp\libc_nano.a
LOAD c:/st/stm32cubeide_1.12.0/stm32cubeide/plugins/com.st.stm32cube.ide.mcu.externaltools.gnu-tools-for-stm32.10.3-2021.10.win32_1.0.200.202301161003/tools/bin/../lib/gcc/arm-none-eabi/10.3.1/../../../../arm-none-eabi/lib/thumb/v6-m/nofp\libnosys.a
END GROUP
LOAD c:/st/stm32cubeide_1.12.0/stm32cubeide/plugins/com.st.stm32cube.ide.mcu.externaltools.gnu-tools-for-stm32.10.3-2021.10.win32_1.0.200.202301161003/tools/bin/../lib/gcc/arm-none-eabi/10.3.1/thumb/v6-m/nofp/crtend.o
LOAD c:/st/stm32cubeide_1.12.0/stm32cubeide/plugins/com.st.stm32cube.ide.mcu.externaltools.gnu-tools-for-stm32.10.3-2021.10.win32_1.0.200.202301161003/tools/bin/../lib/gcc/arm-none-eabi/10.3.1/thumb/v6-m/nofp/crtn.o
                0x0000000020002000                _estack = (ORIGIN (RAM) + LENGTH (RAM))
                0x0000000000000200                _Min_Heap_Size = 0x200
                0x0000000000000200                _Min_Stack_Size = 0x200

.isr_vector     0x0000000008000000       0xc0
                0x0000000008000000                . = ALIGN (0x4)
 *(.isr_vector)
 .isr_vector    0x0000000008000000       0xc0 ./Core/Startup/startup_stm32l053c8tx.o
                0x0000000008000000                g_pfnVectors
                0x00000000080000c0                . = ALIGN (0x4)

.text           0x00000000080000c0     0xaadc
                0x00000000080000c0                . = ALIGN (0x4)
 *(.text)
 .text          0x00000000080000c0       0x48 c:/st/stm32cubeide_1.12.0/stm32cubeide/plugins/com.st.stm32cube.ide.mcu.externaltools.gnu-tools-for-stm32.10.3-2021.10.win32_1.0.200.202301161003/tools/bin/../lib/gcc/arm-none-eabi/10.3.1/thumb/v6-m/nofp/crtbegin.o
 .text          0x0000000008000108        0xe c:/st/stm32cubeide_1.12.0/stm32cubeide/plugins/com.st.stm32cube.ide.mcu.externaltools.gnu-tools-for-stm32.10.3-2021.10.win32_1.0.200.202301161003/tools/bin/../lib/gcc/arm-none-eabi/10.3.1/../../../../arm-none-eabi/lib/thumb/v6-m/nofp\libc_nano.a(lib_a-strlen.o)
                0x0000000008000108                strlen
 *fill*         0x0000000008000116        0x2 
 .text          0x0000000008000118       0x14 c:/st/stm32cubeide_1.12.0/stm32cubeide/plugins/com.st.stm32cube.ide.mcu.externaltools.gnu-tools-for-stm32.10.3-2021.10.win32_1.0.200.202301161003/tools/bin/../lib/gcc/arm-none-eabi/10.3.1/thumb/v6-m/nofp\libgcc.a(_thumb1_case_shi.o)
                0x0000000008000118                __gnu_thumb1_case_shi
 .text          0x000000000800012c      0x114 c:/st/stm32cubeide_1.12.0/stm32cubeide/plugins/com.st.stm32cube.ide.mcu.externaltools.gnu-tools-for-stm32.10.3-2021.10.win32_1.0.200.202301161003/tools/bin/../lib/gcc/arm-none-eabi/10.3.1/thumb/v6-m/nofp\libgcc.a(_udivsi3.o)
                0x000000000800012c                __aeabi_uidiv
                0x000000000800012c                __udivsi3
                0x0000000008000238                __aeabi_uidivmod
 .text          0x0000000008000240      0x1d4 c:/st/stm32cubeide_1.12.0/stm32cubeide/plugins/com.st.stm32cube.ide.mcu.externaltools.gnu-tools-for-stm32.10.3-2021.10.win32_1.0.200.202301161003/tools/bin/../lib/gcc/arm-none-eabi/10.3.1/thumb/v6-m/nofp\libgcc.a(_divsi3.o)
                0x0000000008000240                __divsi3
                0x0000000008000240                __aeabi_idiv
                0x000000000800040c                __aeabi_idivmod
 .text          0x0000000008000414        0x4 c:/st/stm32cubeide_1.12.0/stm32cubeide/plugins/com.st.stm32cube.ide.mcu.externaltools.gnu-tools-for-stm32.10.3-2021.10.win32_1.0.200.202301161003/tools/bin/../lib/gcc/arm-none-eabi/10.3.1/thumb/v6-m/nofp\libgcc.a(_dvmd_tls.o)
                0x0000000008000414                __aeabi_idiv0
                0x0000000008000414                __aeabi_ldiv0
 .text          0x0000000008000418       0x40 c:/st/stm32cubeide_1.12.0/stm32cubeide/plugins/com.st.stm32cube.ide.mcu.externaltools.gnu-tools-for-stm32.10.3-2021.10.win32_1.0.200.202301161003/tools/bin/../lib/gcc/arm-none-eabi/10.3.1/thumb/v6-m/nofp\libgcc.a(_aeabi_uldivmod.o)
                0x0000000008000418                __aeabi_uldivmod
 .text          0x0000000008000458       0x5c c:/st/stm32cubeide_1.12.0/stm32cubeide/plugins/com.st.stm32cube.ide.mcu.externaltools.gnu-tools-for-stm32.10.3-2021.10.win32_1.0.200.202301161003/tools/bin/../lib/gcc/arm-none-eabi/10.3.1/thumb/v6-m/nofp\libgcc.a(_muldi3.o)
                0x0000000008000458                __muldi3
                0x0000000008000458                __aeabi_lmul
 .text          0x00000000080004b4      0x198 c:/st/stm32cubeide_1.12.0/stm32cubeide/plugins/com.st.stm32cube.ide.mcu.externaltools.gnu-tools-for-stm32.10.3-2021.10.win32_1.0.200.202301161003/tools/bin/../lib/gcc/arm-none-eabi/10.3.1/thumb/v6-m/nofp\libgcc.a(_udivmoddi4.o)
                0x00000000080004b4                __udivmoddi4
 .text          0x000000000800064c       0x3c c:/st/stm32cubeide_1.12.0/stm32cubeide/plugins/com.st.stm32cube.ide.mcu.externaltools.gnu-tools-for-stm32.10.3-2021.10.win32_1.0.200.202301161003/tools/bin/../lib/gcc/arm-none-eabi/10.3.1/thumb/v6-m/nofp\libgcc.a(_clzsi2.o)
                0x000000000800064c                __clzsi2
 .text          0x0000000008000688       0x18 c:/st/stm32cubeide_1.12.0/stm32cubeide/plugins/com.st.stm32cube.ide.mcu.externaltools.gnu-tools-for-stm32.10.3-2021.10.win32_1.0.200.202301161003/tools/bin/../lib/gcc/arm-none-eabi/10.3.1/thumb/v6-m/nofp\libgcc.a(_clzdi2.o)
                0x0000000008000688                __clzdi2
 *(.text*)
 .text.EINK_NFC_SET_SIZE
                0x00000000080006a0       0xa4 ./Core/Src/eink_nfc.o
                0x00000000080006a0                EINK_NFC_SET_SIZE
 .text.EINK_NFC_SET_WASHING
                0x0000000008000744       0xd8 ./Core/Src/eink_nfc.o
                0x0000000008000744                EINK_NFC_SET_WASHING
 .text.EINK_NFC_SET_DRYING
                0x000000000800081c       0xcc ./Core/Src/eink_nfc.o
                0x000000000800081c                EINK_NFC_SET_DRYING
 .text.EINK_NFC_SET_PROF
                0x00000000080008e8       0xb0 ./Core/Src/eink_nfc.o
                0x00000000080008e8                EINK_NFC_SET_PROF
 .text.EINK_NFC_Parser
                0x0000000008000998      0x180 ./Core/Src/eink_nfc.o
                0x0000000008000998                EINK_NFC_Parser
 .text.MX_GPIO_Init
                0x0000000008000b18       0xa8 ./Core/Src/gpio.o
                0x0000000008000b18                MX_GPIO_Init
 .text.MX_I2C1_Init
                0x0000000008000bc0       0x78 ./Core/Src/i2c.o
                0x0000000008000bc0                MX_I2C1_Init
 .text.HAL_I2C_MspInit
                0x0000000008000c38       0x70 ./Core/Src/i2c.o
                0x0000000008000c38                HAL_I2C_MspInit
 .text.HAL_I2C_MspDeInit
                0x0000000008000ca8       0x40 ./Core/Src/i2c.o
                0x0000000008000ca8                HAL_I2C_MspDeInit
 .text.I2C1_ReadReg16
                0x0000000008000ce8       0x40 ./Core/Src/main.o
                0x0000000008000ce8                I2C1_ReadReg16
 .text.I2C1_WriteReg16
                0x0000000008000d28       0x40 ./Core/Src/main.o
                0x0000000008000d28                I2C1_WriteReg16
 .text.__io_putchar
                0x0000000008000d68       0x20 ./Core/Src/main.o
                0x0000000008000d68                __io_putchar
 .text.SystemClock_Config
                0x0000000008000d88       0xa4 ./Core/Src/main.o
                0x0000000008000d88                SystemClock_Config
 .text.I2C1_Init_Reg
                0x0000000008000e2c       0x44 ./Core/Src/main.o
                0x0000000008000e2c                I2C1_Init_Reg
 .text.startup.main
                0x0000000008000e70      0x298 ./Core/Src/main.o
                0x0000000008000e70                main
 .text.Error_Handler
                0x0000000008001108        0x4 ./Core/Src/main.o
                0x0000000008001108                Error_Handler
 .text.MX_SPI1_Init
                0x000000000800110c       0x48 ./Core/Src/spi.o
                0x000000000800110c                MX_SPI1_Init
 .text.HAL_SPI_MspInit
                0x0000000008001154       0x58 ./Core/Src/spi.o
                0x0000000008001154                HAL_SPI_MspInit
 .text.HAL_MspInit
                0x00000000080011ac       0x1c ./Core/Src/stm32l0xx_hal_msp.o
                0x00000000080011ac                HAL_MspInit
 .text.NMI_Handler
                0x00000000080011c8        0x4 ./Core/Src/stm32l0xx_it.o
                0x00000000080011c8                NMI_Handler
 .text.HardFault_Handler
                0x00000000080011cc        0x4 ./Core/Src/stm32l0xx_it.o
                0x00000000080011cc                HardFault_Handler
 .text.SVC_Handler
                0x00000000080011d0        0x4 ./Core/Src/stm32l0xx_it.o
                0x00000000080011d0                SVC_Handler
 .text.PendSV_Handler
                0x00000000080011d4        0x4 ./Core/Src/stm32l0xx_it.o
                0x00000000080011d4                PendSV_Handler
 .text.SysTick_Handler
                0x00000000080011d8        0x8 ./Core/Src/stm32l0xx_it.o
                0x00000000080011d8                SysTick_Handler
 .text.I2C1_IRQHandler
                0x00000000080011e0       0x20 ./Core/Src/stm32l0xx_it.o
                0x00000000080011e0                I2C1_IRQHandler
 .text._getpid  0x0000000008001200        0x4 ./Core/Src/syscalls.o
                0x0000000008001200                _getpid
 .text._kill    0x0000000008001204       0x10 ./Core/Src/syscalls.o
                0x0000000008001204                _kill
 .text._exit    0x0000000008001214        0xc ./Core/Src/syscalls.o
                0x0000000008001214                _exit
 .text._read    0x0000000008001220       0x1c ./Core/Src/syscalls.o
                0x0000000008001220                _read
 .text._write   0x000000000800123c       0x1c ./Core/Src/syscalls.o
                0x000000000800123c                _write
 .text._close   0x0000000008001258        0x8 ./Core/Src/syscalls.o
                0x0000000008001258                _close
 .text._fstat   0x0000000008001260        0xc ./Core/Src/syscalls.o
                0x0000000008001260                _fstat
 .text._isatty  0x000000000800126c        0x4 ./Core/Src/syscalls.o
                0x000000000800126c                _isatty
 .text._lseek   0x0000000008001270        0x4 ./Core/Src/syscalls.o
                0x0000000008001270                _lseek
 .text._sbrk    0x0000000008001274       0x44 ./Core/Src/sysmem.o
                0x0000000008001274                _sbrk
 .text.SystemInit
                0x00000000080012b8        0x4 ./Core/Src/system_stm32l0xx.o
                0x00000000080012b8                SystemInit
 .text.MX_USART1_UART_Init
                0x00000000080012bc       0x3c ./Core/Src/usart.o
                0x00000000080012bc                MX_USART1_UART_Init
 .text.HAL_UART_MspInit
                0x00000000080012f8       0x60 ./Core/Src/usart.o
                0x00000000080012f8                HAL_UART_MspInit
 .text.Reset_Handler
                0x0000000008001358       0x50 ./Core/Startup/startup_stm32l053c8tx.o
                0x0000000008001358                Reset_Handler
 .text.Default_Handler
                0x00000000080013a8        0x2 ./Core/Startup/startup_stm32l053c8tx.o
                0x00000000080013a8                TSC_IRQHandler
                0x00000000080013a8                ADC1_COMP_IRQHandler
                0x00000000080013a8                PVD_IRQHandler
                0x00000000080013a8                RCC_CRS_IRQHandler
                0x00000000080013a8                SPI1_IRQHandler
                0x00000000080013a8                TIM6_DAC_IRQHandler
                0x00000000080013a8                EXTI2_3_IRQHandler
                0x00000000080013a8                I2C2_IRQHandler
                0x00000000080013a8                RTC_IRQHandler
                0x00000000080013a8                LCD_IRQHandler
                0x00000000080013a8                DMA1_Channel4_5_6_7_IRQHandler
                0x00000000080013a8                EXTI4_15_IRQHandler
                0x00000000080013a8                DMA1_Channel1_IRQHandler
                0x00000000080013a8                Default_Handler
                0x00000000080013a8                TIM22_IRQHandler
                0x00000000080013a8                EXTI0_1_IRQHandler
                0x00000000080013a8                USB_IRQHandler
                0x00000000080013a8                SPI2_IRQHandler
                0x00000000080013a8                TIM21_IRQHandler
                0x00000000080013a8                WWDG_IRQHandler
                0x00000000080013a8                TIM2_IRQHandler
                0x00000000080013a8                DMA1_Channel2_3_IRQHandler
                0x00000000080013a8                USART2_IRQHandler
                0x00000000080013a8                FLASH_IRQHandler
                0x00000000080013a8                USART1_IRQHandler
                0x00000000080013a8                RNG_LPUART1_IRQHandler
                0x00000000080013a8                LPTIM1_IRQHandler
 *fill*         0x00000000080013aa        0x2 
 .text.HAL_InitTick
                0x00000000080013ac       0x4c ./Drivers/STM32L0xx_HAL_Driver/Src/stm32l0xx_hal.o
                0x00000000080013ac                HAL_InitTick
 .text.HAL_Init
                0x00000000080013f8       0x28 ./Drivers/STM32L0xx_HAL_Driver/Src/stm32l0xx_hal.o
                0x00000000080013f8                HAL_Init
 .text.HAL_IncTick
                0x0000000008001420       0x18 ./Drivers/STM32L0xx_HAL_Driver/Src/stm32l0xx_hal.o
                0x0000000008001420                HAL_IncTick
 .text.HAL_GetTick
                0x0000000008001438        0xc ./Drivers/STM32L0xx_HAL_Driver/Src/stm32l0xx_hal.o
                0x0000000008001438                HAL_GetTick
 .text.HAL_Delay
                0x0000000008001444       0x24 ./Drivers/STM32L0xx_HAL_Driver/Src/stm32l0xx_hal.o
                0x0000000008001444                HAL_Delay
 .text.HAL_NVIC_SetPriority
                0x0000000008001468       0x64 ./Drivers/STM32L0xx_HAL_Driver/Src/stm32l0xx_hal_cortex.o
                0x0000000008001468                HAL_NVIC_SetPriority
 .text.HAL_NVIC_EnableIRQ
                0x00000000080014cc       0x18 ./Drivers/STM32L0xx_HAL_Driver/Src/stm32l0xx_hal_cortex.o
                0x00000000080014cc                HAL_NVIC_EnableIRQ
 .text.HAL_NVIC_DisableIRQ
                0x00000000080014e4       0x20 ./Drivers/STM32L0xx_HAL_Driver/Src/stm32l0xx_hal_cortex.o
                0x00000000080014e4                HAL_NVIC_DisableIRQ
 .text.HAL_SYSTICK_Config
                0x0000000008001504       0x34 ./Drivers/STM32L0xx_HAL_Driver/Src/stm32l0xx_hal_cortex.o
                0x0000000008001504                HAL_SYSTICK_Config
 .text.HAL_DMA_Abort_IT
                0x0000000008001538       0x4c ./Drivers/STM32L0xx_HAL_Driver/Src/stm32l0xx_hal_dma.o
                0x0000000008001538                HAL_DMA_Abort_IT
 .text.HAL_DMA_GetState
                0x0000000008001584        0x8 ./Drivers/STM32L0xx_HAL_Driver/Src/stm32l0xx_hal_dma.o
                0x0000000008001584                HAL_DMA_GetState
 .text.HAL_GPIO_Init
                0x000000000800158c      0x218 ./Drivers/STM32L0xx_HAL_Driver/Src/stm32l0xx_hal_gpio.o
                0x000000000800158c                HAL_GPIO_Init
 .text.HAL_GPIO_DeInit
                0x00000000080017a4      0x128 ./Drivers/STM32L0xx_HAL_Driver/Src/stm32l0xx_hal_gpio.o
                0x00000000080017a4                HAL_GPIO_DeInit
 .text.HAL_GPIO_WritePin
                0x00000000080018cc        0xc ./Drivers/STM32L0xx_HAL_Driver/Src/stm32l0xx_hal_gpio.o
                0x00000000080018cc                HAL_GPIO_WritePin
 .text.I2C_WaitOnTXISFlagUntilTimeout
                0x00000000080018d8      0x1d0 ./Drivers/STM32L0xx_HAL_Driver/Src/stm32l0xx_hal_i2c.o
 .text.I2C_WaitOnSTOPFlagUntilTimeout
                0x0000000008001aa8      0x1a0 ./Drivers/STM32L0xx_HAL_Driver/Src/stm32l0xx_hal_i2c.o
 .text.HAL_I2C_Init
                0x0000000008001c48       0xb4 ./Drivers/STM32L0xx_HAL_Driver/Src/stm32l0xx_hal_i2c.o
                0x0000000008001c48                HAL_I2C_Init
 .text.HAL_I2C_DeInit
                0x0000000008001cfc       0x34 ./Drivers/STM32L0xx_HAL_Driver/Src/stm32l0xx_hal_i2c.o
                0x0000000008001cfc                HAL_I2C_DeInit
 .text.HAL_I2C_Mem_Write
                0x0000000008001d30      0x2a4 ./Drivers/STM32L0xx_HAL_Driver/Src/stm32l0xx_hal_i2c.o
                0x0000000008001d30                HAL_I2C_Mem_Write
 .text.HAL_I2C_Mem_Read
                0x0000000008001fd4      0x2f0 ./Drivers/STM32L0xx_HAL_Driver/Src/stm32l0xx_hal_i2c.o
                0x0000000008001fd4                HAL_I2C_Mem_Read
 .text.HAL_I2C_IsDeviceReady
                0x00000000080022c4      0x1ec ./Drivers/STM32L0xx_HAL_Driver/Src/stm32l0xx_hal_i2c.o
                0x00000000080022c4                HAL_I2C_IsDeviceReady
 .text.HAL_I2C_EV_IRQHandler
                0x00000000080024b0       0x14 ./Drivers/STM32L0xx_HAL_Driver/Src/stm32l0xx_hal_i2c.o
                0x00000000080024b0                HAL_I2C_EV_IRQHandler
 .text.HAL_I2C_SlaveTxCpltCallback
                0x00000000080024c4        0x4 ./Drivers/STM32L0xx_HAL_Driver/Src/stm32l0xx_hal_i2c.o
                0x00000000080024c4                HAL_I2C_SlaveTxCpltCallback
 .text.HAL_I2C_SlaveRxCpltCallback
                0x00000000080024c8        0x4 ./Drivers/STM32L0xx_HAL_Driver/Src/stm32l0xx_hal_i2c.o
                0x00000000080024c8                HAL_I2C_SlaveRxCpltCallback
 .text.I2C_ITSlaveSeqCplt
                0x00000000080024cc       0xa0 ./Drivers/STM32L0xx_HAL_Driver/Src/stm32l0xx_hal_i2c.o
 .text.HAL_I2C_AddrCallback
                0x000000000800256c        0x4 ./Drivers/STM32L0xx_HAL_Driver/Src/stm32l0xx_hal_i2c.o
                0x000000000800256c                HAL_I2C_AddrCallback
 .text.I2C_ITAddrCplt.part.0
                0x0000000008002570       0x8c ./Drivers/STM32L0xx_HAL_Driver/Src/stm32l0xx_hal_i2c.o
 .text.HAL_I2C_ListenCpltCallback
                0x00000000080025fc        0x4 ./Drivers/STM32L0xx_HAL_Driver/Src/stm32l0xx_hal_i2c.o
                0x00000000080025fc                HAL_I2C_ListenCpltCallback
 .text.HAL_I2C_ErrorCallback
                0x0000000008002600        0x4 ./Drivers/STM32L0xx_HAL_Driver/Src/stm32l0xx_hal_i2c.o
                0x0000000008002600                HAL_I2C_ErrorCallback
 .text.HAL_I2C_AbortCpltCallback
                0x0000000008002604        0x4 ./Drivers/STM32L0xx_HAL_Driver/Src/stm32l0xx_hal_i2c.o
                0x0000000008002604                HAL_I2C_AbortCpltCallback
 .text.I2C_DMAAbort
                0x0000000008002608       0x40 ./Drivers/STM32L0xx_HAL_Driver/Src/stm32l0xx_hal_i2c.o
 .text.I2C_ITError
                0x0000000008002648      0x16c ./Drivers/STM32L0xx_HAL_Driver/Src/stm32l0xx_hal_i2c.o
 .text.I2C_ITSlaveCplt
                0x00000000080027b4      0x1c0 ./Drivers/STM32L0xx_HAL_Driver/Src/stm32l0xx_hal_i2c.o
 .text.I2C_Slave_ISR_IT
                0x0000000008002974      0x1c8 ./Drivers/STM32L0xx_HAL_Driver/Src/stm32l0xx_hal_i2c.o
 .text.HAL_I2C_ER_IRQHandler
                0x0000000008002b3c       0x88 ./Drivers/STM32L0xx_HAL_Driver/Src/stm32l0xx_hal_i2c.o
                0x0000000008002b3c                HAL_I2C_ER_IRQHandler
 .text.HAL_I2C_GetError
                0x0000000008002bc4        0x4 ./Drivers/STM32L0xx_HAL_Driver/Src/stm32l0xx_hal_i2c.o
                0x0000000008002bc4                HAL_I2C_GetError
 .text.HAL_I2CEx_ConfigAnalogFilter
                0x0000000008002bc8       0x50 ./Drivers/STM32L0xx_HAL_Driver/Src/stm32l0xx_hal_i2c_ex.o
                0x0000000008002bc8                HAL_I2CEx_ConfigAnalogFilter
 .text.HAL_I2CEx_ConfigDigitalFilter
                0x0000000008002c18       0x4c ./Drivers/STM32L0xx_HAL_Driver/Src/stm32l0xx_hal_i2c_ex.o
                0x0000000008002c18                HAL_I2CEx_ConfigDigitalFilter
 .text.HAL_PWR_EnableWakeUpPin
                0x0000000008002c64       0x10 ./Drivers/STM32L0xx_HAL_Driver/Src/stm32l0xx_hal_pwr.o
                0x0000000008002c64                HAL_PWR_EnableWakeUpPin
 .text.HAL_PWR_EnterSTANDBYMode
                0x0000000008002c74       0x20 ./Drivers/STM32L0xx_HAL_Driver/Src/stm32l0xx_hal_pwr.o
                0x0000000008002c74                HAL_PWR_EnterSTANDBYMode
 .text.HAL_RCC_GetSysClockFreq
                0x0000000008002c94       0x8c ./Drivers/STM32L0xx_HAL_Driver/Src/stm32l0xx_hal_rcc.o
                0x0000000008002c94                HAL_RCC_GetSysClockFreq
 .text.HAL_RCC_OscConfig
                0x0000000008002d20      0x5f4 ./Drivers/STM32L0xx_HAL_Driver/Src/stm32l0xx_hal_rcc.o
                0x0000000008002d20                HAL_RCC_OscConfig
 .text.HAL_RCC_ClockConfig
                0x0000000008003314      0x1dc ./Drivers/STM32L0xx_HAL_Driver/Src/stm32l0xx_hal_rcc.o
                0x0000000008003314                HAL_RCC_ClockConfig
 .text.HAL_RCC_GetPCLK1Freq
                0x00000000080034f0       0x20 ./Drivers/STM32L0xx_HAL_Driver/Src/stm32l0xx_hal_rcc.o
                0x00000000080034f0                HAL_RCC_GetPCLK1Freq
 .text.HAL_RCC_GetPCLK2Freq
                0x0000000008003510       0x20 ./Drivers/STM32L0xx_HAL_Driver/Src/stm32l0xx_hal_rcc.o
                0x0000000008003510                HAL_RCC_GetPCLK2Freq
 .text.HAL_RCCEx_PeriphCLKConfig
                0x0000000008003530      0x2a0 ./Drivers/STM32L0xx_HAL_Driver/Src/stm32l0xx_hal_rcc_ex.o
                0x0000000008003530                HAL_RCCEx_PeriphCLKConfig
 .text.SPI_WaitFlagStateUntilTimeout.constprop.0
                0x00000000080037d0       0xcc ./Drivers/STM32L0xx_HAL_Driver/Src/stm32l0xx_hal_spi.o
 .text.HAL_SPI_Init
                0x000000000800389c       0xec ./Drivers/STM32L0xx_HAL_Driver/Src/stm32l0xx_hal_spi.o
                0x000000000800389c                HAL_SPI_Init
 .text.HAL_SPI_Transmit
                0x0000000008003988      0x2bc ./Drivers/STM32L0xx_HAL_Driver/Src/stm32l0xx_hal_spi.o
                0x0000000008003988                HAL_SPI_Transmit
 .text.HAL_UART_Transmit
                0x0000000008003c44      0x224 ./Drivers/STM32L0xx_HAL_Driver/Src/stm32l0xx_hal_uart.o
                0x0000000008003c44                HAL_UART_Transmit
 .text.UART_AdvFeatureConfig
                0x0000000008003e68       0xd0 ./Drivers/STM32L0xx_HAL_Driver/Src/stm32l0xx_hal_uart.o
                0x0000000008003e68                UART_AdvFeatureConfig
 .text.UART_CheckIdleState
                0x0000000008003f38      0x2a4 ./Drivers/STM32L0xx_HAL_Driver/Src/stm32l0xx_hal_uart.o
                0x0000000008003f38                UART_CheckIdleState
 .text.HAL_UART_Init
                0x00000000080041dc      0x2ac ./Drivers/STM32L0xx_HAL_Driver/Src/stm32l0xx_hal_uart.o
                0x00000000080041dc                HAL_UART_Init
 .text.DEV_SPI_WriteByte
                0x0000000008004488       0x20 ./epd-lib/Config/DEV_Config.o
                0x0000000008004488                DEV_SPI_WriteByte
 .text.Paint_SetPixel.part.0
                0x00000000080044a8      0x120 ./epd-lib/GUI/GUI_Paint_new.o
 .text.Paint_DrawChar.part.0
                0x00000000080045c8      0x114 ./epd-lib/GUI/GUI_Paint_new.o
 .text.Paint_NewImage
                0x00000000080046dc       0x44 ./epd-lib/GUI/GUI_Paint_new.o
                0x00000000080046dc                Paint_NewImage
 .text.Paint_SelectImage
                0x0000000008004720        0xc ./epd-lib/GUI/GUI_Paint_new.o
                0x0000000008004720                Paint_SelectImage
 .text.Paint_SetRotate
                0x000000000800472c       0x38 ./epd-lib/GUI/GUI_Paint_new.o
                0x000000000800472c                Paint_SetRotate
 .text.Paint_Clear
                0x0000000008004764       0xb8 ./epd-lib/GUI/GUI_Paint_new.o
                0x0000000008004764                Paint_Clear
 .text.Paint_DrawString_EN
                0x000000000800481c       0xbc ./epd-lib/GUI/GUI_Paint_new.o
                0x000000000800481c                Paint_DrawString_EN
 .text.Paint_DrawBitMap_Paste
                0x00000000080048d8      0x23c ./epd-lib/GUI/GUI_Paint_new.o
                0x00000000080048d8                Paint_DrawBitMap_Paste
 .text.Paint_DrawQR_Paste
                0x0000000008004b14      0x298 ./epd-lib/GUI/GUI_Paint_new.o
                0x0000000008004b14                Paint_DrawQR_Paste
 .text.EPD_SetFullReg
                0x0000000008004dac      0x28c ./epd-lib/e-Paper/EPD_2in13d.o
 .text.EPD_Init
                0x0000000008005038      0x360 ./epd-lib/e-Paper/EPD_2in13d.o
                0x0000000008005038                EPD_Init
 .text.EPD_Clear
                0x0000000008005398      0x120 ./epd-lib/e-Paper/EPD_2in13d.o
                0x0000000008005398                EPD_Clear
 .text.EPD_Display
                0x00000000080054b8      0x13c ./epd-lib/e-Paper/EPD_2in13d.o
                0x00000000080054b8                EPD_Display
 .text.EPD_Sleep
                0x00000000080055f4       0xcc ./epd-lib/e-Paper/EPD_2in13d.o
                0x00000000080055f4                EPD_Sleep
 .text.finderPenaltyCountPatterns
                0x00000000080056c0       0x70 ./qr-codegen/qrcodegen.o
 .text.appendBitsToBuffer.part.0
                0x0000000008005730       0x1c ./qr-codegen/qrcodegen.o
 .text.qrcodegen_getSize.part.0
                0x000000000800574c       0x20 ./qr-codegen/qrcodegen.o
 .text.getNumDataCodewords
                0x000000000800576c       0xb0 ./qr-codegen/qrcodegen.o
 .text.applyMask
                0x000000000800581c      0x1dc ./qr-codegen/qrcodegen.o
 .text.initializeFunctionModules
                0x00000000080059f8      0xc84 ./qr-codegen/qrcodegen.o
 .text.setModuleBounded
                0x000000000800667c       0x5c ./qr-codegen/qrcodegen.o
 .text.drawFormatBits
                0x00000000080066d8      0xa34 ./qr-codegen/qrcodegen.o
 .text.qrcodegen_encodeSegmentsAdvanced
                0x000000000800710c     0x17f8 ./qr-codegen/qrcodegen.o
                0x000000000800710c                qrcodegen_encodeSegmentsAdvanced
 .text.qrcodegen_getSize
                0x0000000008008904       0x30 ./qr-codegen/qrcodegen.o
                0x0000000008008904                qrcodegen_getSize
 .text.qrcodegen_getModule
                0x0000000008008934       0x68 ./qr-codegen/qrcodegen.o
                0x0000000008008934                qrcodegen_getModule
 .text.qrcodegen_makeNumeric
                0x000000000800899c      0x528 ./qr-codegen/qrcodegen.o
                0x000000000800899c                qrcodegen_makeNumeric
 .text.qrcodegen_makeAlphanumeric
                0x0000000008008ec4      0x2d4 ./qr-codegen/qrcodegen.o
                0x0000000008008ec4                qrcodegen_makeAlphanumeric
 .text.qrcodegen_encodeText
                0x0000000008009198      0x1d8 ./qr-codegen/qrcodegen.o
                0x0000000008009198                qrcodegen_encodeText
 .text.ST25DV_ReadData
                0x0000000008009370       0x10 ./st25dv/st25dv.o
                0x0000000008009370                ST25DV_ReadData
 .text.ReadRegWrap
                0x0000000008009380       0x18 ./st25dv/st25dv.o
 .text.WriteRegWrap
                0x0000000008009398       0x50 ./st25dv/st25dv.o
 .text.ST25DV_RegisterBusIO
                0x00000000080093e8       0x44 ./st25dv/st25dv.o
                0x00000000080093e8                ST25DV_RegisterBusIO
 .text.ST25DV_SetGPO_RFUSERSTATE
                0x000000000800942c       0x48 ./st25dv/st25dv_reg.o
                0x000000000800942c                ST25DV_SetGPO_RFUSERSTATE
 .text.ST25DV_SetGPO_RFWRITE
                0x0000000008009474       0x4c ./st25dv/st25dv_reg.o
                0x0000000008009474                ST25DV_SetGPO_RFWRITE
 .text.ST25DV_SetGPO_ENABLE
                0x00000000080094c0       0x48 ./st25dv/st25dv_reg.o
                0x00000000080094c0                ST25DV_SetGPO_ENABLE
 .text.ST25DV_GetEH_MODE
                0x0000000008009508       0x28 ./st25dv/st25dv_reg.o
                0x0000000008009508                ST25DV_GetEH_MODE
 .text.ST25DV_SetEH_MODE
                0x0000000008009530       0x48 ./st25dv/st25dv_reg.o
                0x0000000008009530                ST25DV_SetEH_MODE
 .text.__assert_func
                0x0000000008009578       0x3c c:/st/stm32cubeide_1.12.0/stm32cubeide/plugins/com.st.stm32cube.ide.mcu.externaltools.gnu-tools-for-stm32.10.3-2021.10.win32_1.0.200.202301161003/tools/bin/../lib/gcc/arm-none-eabi/10.3.1/../../../../arm-none-eabi/lib/thumb/v6-m/nofp\libc_nano.a(lib_a-assert.o)
                0x0000000008009578                __assert_func
 .text.__errno  0x00000000080095b4        0xc c:/st/stm32cubeide_1.12.0/stm32cubeide/plugins/com.st.stm32cube.ide.mcu.externaltools.gnu-tools-for-stm32.10.3-2021.10.win32_1.0.200.202301161003/tools/bin/../lib/gcc/arm-none-eabi/10.3.1/../../../../arm-none-eabi/lib/thumb/v6-m/nofp\libc_nano.a(lib_a-errno.o)
                0x00000000080095b4                __errno
 .text.fprintf  0x00000000080095c0       0x20 c:/st/stm32cubeide_1.12.0/stm32cubeide/plugins/com.st.stm32cube.ide.mcu.externaltools.gnu-tools-for-stm32.10.3-2021.10.win32_1.0.200.202301161003/tools/bin/../lib/gcc/arm-none-eabi/10.3.1/../../../../arm-none-eabi/lib/thumb/v6-m/nofp\libc_nano.a(lib_a-fprintf.o)
                0x00000000080095c0                fiprintf
                0x00000000080095c0                fprintf
 .text.__libc_init_array
                0x00000000080095e0       0x48 c:/st/stm32cubeide_1.12.0/stm32cubeide/plugins/com.st.stm32cube.ide.mcu.externaltools.gnu-tools-for-stm32.10.3-2021.10.win32_1.0.200.202301161003/tools/bin/../lib/gcc/arm-none-eabi/10.3.1/../../../../arm-none-eabi/lib/thumb/v6-m/nofp\libc_nano.a(lib_a-init.o)
                0x00000000080095e0                __libc_init_array
 .text.memcpy   0x0000000008009628       0x12 c:/st/stm32cubeide_1.12.0/stm32cubeide/plugins/com.st.stm32cube.ide.mcu.externaltools.gnu-tools-for-stm32.10.3-2021.10.win32_1.0.200.202301161003/tools/bin/../lib/gcc/arm-none-eabi/10.3.1/../../../../arm-none-eabi/lib/thumb/v6-m/nofp\libc_nano.a(lib_a-memcpy-stub.o)
                0x0000000008009628                memcpy
 .text.memmove  0x000000000800963a       0x26 c:/st/stm32cubeide_1.12.0/stm32cubeide/plugins/com.st.stm32cube.ide.mcu.externaltools.gnu-tools-for-stm32.10.3-2021.10.win32_1.0.200.202301161003/tools/bin/../lib/gcc/arm-none-eabi/10.3.1/../../../../arm-none-eabi/lib/thumb/v6-m/nofp\libc_nano.a(lib_a-memmove.o)
                0x000000000800963a                memmove
 .text.memset   0x0000000008009660       0x10 c:/st/stm32cubeide_1.12.0/stm32cubeide/plugins/com.st.stm32cube.ide.mcu.externaltools.gnu-tools-for-stm32.10.3-2021.10.win32_1.0.200.202301161003/tools/bin/../lib/gcc/arm-none-eabi/10.3.1/../../../../arm-none-eabi/lib/thumb/v6-m/nofp\libc_nano.a(lib_a-memset.o)
                0x0000000008009660                memset
 .text.__sfputc_r
                0x0000000008009670       0x2a c:/st/stm32cubeide_1.12.0/stm32cubeide/plugins/com.st.stm32cube.ide.mcu.externaltools.gnu-tools-for-stm32.10.3-2021.10.win32_1.0.200.202301161003/tools/bin/../lib/gcc/arm-none-eabi/10.3.1/../../../../arm-none-eabi/lib/thumb/v6-m/nofp\libc_nano.a(lib_a-nano-vfprintf.o)
 .text.__sfputs_r
                0x000000000800969a       0x24 c:/st/stm32cubeide_1.12.0/stm32cubeide/plugins/com.st.stm32cube.ide.mcu.externaltools.gnu-tools-for-stm32.10.3-2021.10.win32_1.0.200.202301161003/tools/bin/../lib/gcc/arm-none-eabi/10.3.1/../../../../arm-none-eabi/lib/thumb/v6-m/nofp\libc_nano.a(lib_a-nano-vfprintf.o)
                0x000000000800969a                __sfputs_r
 *fill*         0x00000000080096be        0x2 
 .text._vfprintf_r
                0x00000000080096c0      0x274 c:/st/stm32cubeide_1.12.0/stm32cubeide/plugins/com.st.stm32cube.ide.mcu.externaltools.gnu-tools-for-stm32.10.3-2021.10.win32_1.0.200.202301161003/tools/bin/../lib/gcc/arm-none-eabi/10.3.1/../../../../arm-none-eabi/lib/thumb/v6-m/nofp\libc_nano.a(lib_a-nano-vfprintf.o)
                0x00000000080096c0                _vfprintf_r
                0x00000000080096c0                _vfiprintf_r
 .text._printf_common
                0x0000000008009934       0xde c:/st/stm32cubeide_1.12.0/stm32cubeide/plugins/com.st.stm32cube.ide.mcu.externaltools.gnu-tools-for-stm32.10.3-2021.10.win32_1.0.200.202301161003/tools/bin/../lib/gcc/arm-none-eabi/10.3.1/../../../../arm-none-eabi/lib/thumb/v6-m/nofp\libc_nano.a(lib_a-nano-vfprintf_i.o)
                0x0000000008009934                _printf_common
 *fill*         0x0000000008009a12        0x2 
 .text._printf_i
                0x0000000008009a14      0x224 c:/st/stm32cubeide_1.12.0/stm32cubeide/plugins/com.st.stm32cube.ide.mcu.externaltools.gnu-tools-for-stm32.10.3-2021.10.win32_1.0.200.202301161003/tools/bin/../lib/gcc/arm-none-eabi/10.3.1/../../../../arm-none-eabi/lib/thumb/v6-m/nofp\libc_nano.a(lib_a-nano-vfprintf_i.o)
                0x0000000008009a14                _printf_i
 .text.printf   0x0000000008009c38       0x34 c:/st/stm32cubeide_1.12.0/stm32cubeide/plugins/com.st.stm32cube.ide.mcu.externaltools.gnu-tools-for-stm32.10.3-2021.10.win32_1.0.200.202301161003/tools/bin/../lib/gcc/arm-none-eabi/10.3.1/../../../../arm-none-eabi/lib/thumb/v6-m/nofp\libc_nano.a(lib_a-printf.o)
                0x0000000008009c38                iprintf
                0x0000000008009c38                printf
 .text._puts_r  0x0000000008009c6c       0xe4 c:/st/stm32cubeide_1.12.0/stm32cubeide/plugins/com.st.stm32cube.ide.mcu.externaltools.gnu-tools-for-stm32.10.3-2021.10.win32_1.0.200.202301161003/tools/bin/../lib/gcc/arm-none-eabi/10.3.1/../../../../arm-none-eabi/lib/thumb/v6-m/nofp\libc_nano.a(lib_a-puts.o)
                0x0000000008009c6c                _puts_r
 .text.puts     0x0000000008009d50       0x14 c:/st/stm32cubeide_1.12.0/stm32cubeide/plugins/com.st.stm32cube.ide.mcu.externaltools.gnu-tools-for-stm32.10.3-2021.10.win32_1.0.200.202301161003/tools/bin/../lib/gcc/arm-none-eabi/10.3.1/../../../../arm-none-eabi/lib/thumb/v6-m/nofp\libc_nano.a(lib_a-puts.o)
                0x0000000008009d50                puts
 .text.sprintf  0x0000000008009d64       0x40 c:/st/stm32cubeide_1.12.0/stm32cubeide/plugins/com.st.stm32cube.ide.mcu.externaltools.gnu-tools-for-stm32.10.3-2021.10.win32_1.0.200.202301161003/tools/bin/../lib/gcc/arm-none-eabi/10.3.1/../../../../arm-none-eabi/lib/thumb/v6-m/nofp\libc_nano.a(lib_a-sprintf.o)
                0x0000000008009d64                siprintf
                0x0000000008009d64                sprintf
 .text.strchr   0x0000000008009da4       0x1c c:/st/stm32cubeide_1.12.0/stm32cubeide/plugins/com.st.stm32cube.ide.mcu.externaltools.gnu-tools-for-stm32.10.3-2021.10.win32_1.0.200.202301161003/tools/bin/../lib/gcc/arm-none-eabi/10.3.1/../../../../arm-none-eabi/lib/thumb/v6-m/nofp\libc_nano.a(lib_a-strchr.o)
                0x0000000008009da4                strchr
 .text.strcpy   0x0000000008009dc0       0x10 c:/st/stm32cubeide_1.12.0/stm32cubeide/plugins/com.st.stm32cube.ide.mcu.externaltools.gnu-tools-for-stm32.10.3-2021.10.win32_1.0.200.202301161003/tools/bin/../lib/gcc/arm-none-eabi/10.3.1/../../../../arm-none-eabi/lib/thumb/v6-m/nofp\libc_nano.a(lib_a-strcpy.o)
                0x0000000008009dc0                strcpy
 .text.strncpy  0x0000000008009dd0       0x28 c:/st/stm32cubeide_1.12.0/stm32cubeide/plugins/com.st.stm32cube.ide.mcu.externaltools.gnu-tools-for-stm32.10.3-2021.10.win32_1.0.200.202301161003/tools/bin/../lib/gcc/arm-none-eabi/10.3.1/../../../../arm-none-eabi/lib/thumb/v6-m/nofp\libc_nano.a(lib_a-strncpy.o)
                0x0000000008009dd0                strncpy
 .text.__swbuf_r
                0x0000000008009df8       0xac c:/st/stm32cubeide_1.12.0/stm32cubeide/plugins/com.st.stm32cube.ide.mcu.externaltools.gnu-tools-for-stm32.10.3-2021.10.win32_1.0.200.202301161003/tools/bin/../lib/gcc/arm-none-eabi/10.3.1/../../../../arm-none-eabi/lib/thumb/v6-m/nofp\libc_nano.a(lib_a-wbuf.o)
                0x0000000008009df8                __swbuf_r
 .text.__swsetup_r
                0x0000000008009ea4       0xf0 c:/st/stm32cubeide_1.12.0/stm32cubeide/plugins/com.st.stm32cube.ide.mcu.externaltools.gnu-tools-for-stm32.10.3-2021.10.win32_1.0.200.202301161003/tools/bin/../lib/gcc/arm-none-eabi/10.3.1/../../../../arm-none-eabi/lib/thumb/v6-m/nofp\libc_nano.a(lib_a-wsetup.o)
                0x0000000008009ea4                __swsetup_r
 .text.abort    0x0000000008009f94        0xe c:/st/stm32cubeide_1.12.0/stm32cubeide/plugins/com.st.stm32cube.ide.mcu.externaltools.gnu-tools-for-stm32.10.3-2021.10.win32_1.0.200.202301161003/tools/bin/../lib/gcc/arm-none-eabi/10.3.1/../../../../arm-none-eabi/lib/thumb/v6-m/nofp\libc_nano.a(lib_a-abort.o)
                0x0000000008009f94                abort
 *fill*         0x0000000008009fa2        0x2 
 .text.__sflush_r
                0x0000000008009fa4      0x118 c:/st/stm32cubeide_1.12.0/stm32cubeide/plugins/com.st.stm32cube.ide.mcu.externaltools.gnu-tools-for-stm32.10.3-2021.10.win32_1.0.200.202301161003/tools/bin/../lib/gcc/arm-none-eabi/10.3.1/../../../../arm-none-eabi/lib/thumb/v6-m/nofp\libc_nano.a(lib_a-fflush.o)
                0x0000000008009fa4                __sflush_r
 .text._fflush_r
                0x000000000800a0bc       0x80 c:/st/stm32cubeide_1.12.0/stm32cubeide/plugins/com.st.stm32cube.ide.mcu.externaltools.gnu-tools-for-stm32.10.3-2021.10.win32_1.0.200.202301161003/tools/bin/../lib/gcc/arm-none-eabi/10.3.1/../../../../arm-none-eabi/lib/thumb/v6-m/nofp\libc_nano.a(lib_a-fflush.o)
                0x000000000800a0bc                _fflush_r
 .text.std      0x000000000800a13c       0x48 c:/st/stm32cubeide_1.12.0/stm32cubeide/plugins/com.st.stm32cube.ide.mcu.externaltools.gnu-tools-for-stm32.10.3-2021.10.win32_1.0.200.202301161003/tools/bin/../lib/gcc/arm-none-eabi/10.3.1/../../../../arm-none-eabi/lib/thumb/v6-m/nofp\libc_nano.a(lib_a-findfp.o)
 .text._cleanup_r
                0x000000000800a184       0x10 c:/st/stm32cubeide_1.12.0/stm32cubeide/plugins/com.st.stm32cube.ide.mcu.externaltools.gnu-tools-for-stm32.10.3-2021.10.win32_1.0.200.202301161003/tools/bin/../lib/gcc/arm-none-eabi/10.3.1/../../../../arm-none-eabi/lib/thumb/v6-m/nofp\libc_nano.a(lib_a-findfp.o)
                0x000000000800a184                _cleanup_r
 .text.__sfmoreglue
                0x000000000800a194       0x2c c:/st/stm32cubeide_1.12.0/stm32cubeide/plugins/com.st.stm32cube.ide.mcu.externaltools.gnu-tools-for-stm32.10.3-2021.10.win32_1.0.200.202301161003/tools/bin/../lib/gcc/arm-none-eabi/10.3.1/../../../../arm-none-eabi/lib/thumb/v6-m/nofp\libc_nano.a(lib_a-findfp.o)
                0x000000000800a194                __sfmoreglue
 .text.__sfp_lock_acquire
                0x000000000800a1c0       0x10 c:/st/stm32cubeide_1.12.0/stm32cubeide/plugins/com.st.stm32cube.ide.mcu.externaltools.gnu-tools-for-stm32.10.3-2021.10.win32_1.0.200.202301161003/tools/bin/../lib/gcc/arm-none-eabi/10.3.1/../../../../arm-none-eabi/lib/thumb/v6-m/nofp\libc_nano.a(lib_a-findfp.o)
                0x000000000800a1c0                __sfp_lock_acquire
 .text.__sfp_lock_release
                0x000000000800a1d0       0x10 c:/st/stm32cubeide_1.12.0/stm32cubeide/plugins/com.st.stm32cube.ide.mcu.externaltools.gnu-tools-for-stm32.10.3-2021.10.win32_1.0.200.202301161003/tools/bin/../lib/gcc/arm-none-eabi/10.3.1/../../../../arm-none-eabi/lib/thumb/v6-m/nofp\libc_nano.a(lib_a-findfp.o)
                0x000000000800a1d0                __sfp_lock_release
 .text.__sinit_lock_acquire
                0x000000000800a1e0       0x10 c:/st/stm32cubeide_1.12.0/stm32cubeide/plugins/com.st.stm32cube.ide.mcu.externaltools.gnu-tools-for-stm32.10.3-2021.10.win32_1.0.200.202301161003/tools/bin/../lib/gcc/arm-none-eabi/10.3.1/../../../../arm-none-eabi/lib/thumb/v6-m/nofp\libc_nano.a(lib_a-findfp.o)
                0x000000000800a1e0                __sinit_lock_acquire
 .text.__sinit_lock_release
                0x000000000800a1f0       0x10 c:/st/stm32cubeide_1.12.0/stm32cubeide/plugins/com.st.stm32cube.ide.mcu.externaltools.gnu-tools-for-stm32.10.3-2021.10.win32_1.0.200.202301161003/tools/bin/../lib/gcc/arm-none-eabi/10.3.1/../../../../arm-none-eabi/lib/thumb/v6-m/nofp\libc_nano.a(lib_a-findfp.o)
                0x000000000800a1f0                __sinit_lock_release
 .text.__sinit  0x000000000800a200       0x70 c:/st/stm32cubeide_1.12.0/stm32cubeide/plugins/com.st.stm32cube.ide.mcu.externaltools.gnu-tools-for-stm32.10.3-2021.10.win32_1.0.200.202301161003/tools/bin/../lib/gcc/arm-none-eabi/10.3.1/../../../../arm-none-eabi/lib/thumb/v6-m/nofp\libc_nano.a(lib_a-findfp.o)
                0x000000000800a200                __sinit
 .text.__sfp    0x000000000800a270       0x90 c:/st/stm32cubeide_1.12.0/stm32cubeide/plugins/com.st.stm32cube.ide.mcu.externaltools.gnu-tools-for-stm32.10.3-2021.10.win32_1.0.200.202301161003/tools/bin/../lib/gcc/arm-none-eabi/10.3.1/../../../../arm-none-eabi/lib/thumb/v6-m/nofp\libc_nano.a(lib_a-findfp.o)
                0x000000000800a270                __sfp
 .text._fwalk_reent
                0x000000000800a300       0x40 c:/st/stm32cubeide_1.12.0/stm32cubeide/plugins/com.st.stm32cube.ide.mcu.externaltools.gnu-tools-for-stm32.10.3-2021.10.win32_1.0.200.202301161003/tools/bin/../lib/gcc/arm-none-eabi/10.3.1/../../../../arm-none-eabi/lib/thumb/v6-m/nofp\libc_nano.a(lib_a-fwalk.o)
                0x000000000800a300                _fwalk_reent
 .text.__retarget_lock_init_recursive
                0x000000000800a340        0x2 c:/st/stm32cubeide_1.12.0/stm32cubeide/plugins/com.st.stm32cube.ide.mcu.externaltools.gnu-tools-for-stm32.10.3-2021.10.win32_1.0.200.202301161003/tools/bin/../lib/gcc/arm-none-eabi/10.3.1/../../../../arm-none-eabi/lib/thumb/v6-m/nofp\libc_nano.a(lib_a-lock.o)
                0x000000000800a340                __retarget_lock_init_recursive
 .text.__retarget_lock_acquire_recursive
                0x000000000800a342        0x2 c:/st/stm32cubeide_1.12.0/stm32cubeide/plugins/com.st.stm32cube.ide.mcu.externaltools.gnu-tools-for-stm32.10.3-2021.10.win32_1.0.200.202301161003/tools/bin/../lib/gcc/arm-none-eabi/10.3.1/../../../../arm-none-eabi/lib/thumb/v6-m/nofp\libc_nano.a(lib_a-lock.o)
                0x000000000800a342                __retarget_lock_acquire_recursive
 .text.__retarget_lock_release_recursive
                0x000000000800a344        0x2 c:/st/stm32cubeide_1.12.0/stm32cubeide/plugins/com.st.stm32cube.ide.mcu.externaltools.gnu-tools-for-stm32.10.3-2021.10.win32_1.0.200.202301161003/tools/bin/../lib/gcc/arm-none-eabi/10.3.1/../../../../arm-none-eabi/lib/thumb/v6-m/nofp\libc_nano.a(lib_a-lock.o)
                0x000000000800a344                __retarget_lock_release_recursive
 *fill*         0x000000000800a346        0x2 
 .text.__swhatbuf_r
                0x000000000800a348       0x50 c:/st/stm32cubeide_1.12.0/stm32cubeide/plugins/com.st.stm32cube.ide.mcu.externaltools.gnu-tools-for-stm32.10.3-2021.10.win32_1.0.200.202301161003/tools/bin/../lib/gcc/arm-none-eabi/10.3.1/../../../../arm-none-eabi/lib/thumb/v6-m/nofp\libc_nano.a(lib_a-makebuf.o)
                0x000000000800a348                __swhatbuf_r
 .text.__smakebuf_r
                0x000000000800a398       0x88 c:/st/stm32cubeide_1.12.0/stm32cubeide/plugins/com.st.stm32cube.ide.mcu.externaltools.gnu-tools-for-stm32.10.3-2021.10.win32_1.0.200.202301161003/tools/bin/../lib/gcc/arm-none-eabi/10.3.1/../../../../arm-none-eabi/lib/thumb/v6-m/nofp\libc_nano.a(lib_a-makebuf.o)
                0x000000000800a398                __smakebuf_r
 .text.memchr   0x000000000800a420       0x16 c:/st/stm32cubeide_1.12.0/stm32cubeide/plugins/com.st.stm32cube.ide.mcu.externaltools.gnu-tools-for-stm32.10.3-2021.10.win32_1.0.200.202301161003/tools/bin/../lib/gcc/arm-none-eabi/10.3.1/../../../../arm-none-eabi/lib/thumb/v6-m/nofp\libc_nano.a(lib_a-memchr-stub.o)
                0x000000000800a420                memchr
 *fill*         0x000000000800a436        0x2 
 .text._free_r  0x000000000800a438       0x94 c:/st/stm32cubeide_1.12.0/stm32cubeide/plugins/com.st.stm32cube.ide.mcu.externaltools.gnu-tools-for-stm32.10.3-2021.10.win32_1.0.200.202301161003/tools/bin/../lib/gcc/arm-none-eabi/10.3.1/../../../../arm-none-eabi/lib/thumb/v6-m/nofp\libc_nano.a(lib_a-nano-freer.o)
                0x000000000800a438                _free_r
 .text.sbrk_aligned
                0x000000000800a4cc       0x44 c:/st/stm32cubeide_1.12.0/stm32cubeide/plugins/com.st.stm32cube.ide.mcu.externaltools.gnu-tools-for-stm32.10.3-2021.10.win32_1.0.200.202301161003/tools/bin/../lib/gcc/arm-none-eabi/10.3.1/../../../../arm-none-eabi/lib/thumb/v6-m/nofp\libc_nano.a(lib_a-nano-mallocr.o)
 .text._malloc_r
                0x000000000800a510       0xec c:/st/stm32cubeide_1.12.0/stm32cubeide/plugins/com.st.stm32cube.ide.mcu.externaltools.gnu-tools-for-stm32.10.3-2021.10.win32_1.0.200.202301161003/tools/bin/../lib/gcc/arm-none-eabi/10.3.1/../../../../arm-none-eabi/lib/thumb/v6-m/nofp\libc_nano.a(lib_a-nano-mallocr.o)
                0x000000000800a510                _malloc_r
 .text._realloc_r
                0x000000000800a5fc       0x5e c:/st/stm32cubeide_1.12.0/stm32cubeide/plugins/com.st.stm32cube.ide.mcu.externaltools.gnu-tools-for-stm32.10.3-2021.10.win32_1.0.200.202301161003/tools/bin/../lib/gcc/arm-none-eabi/10.3.1/../../../../arm-none-eabi/lib/thumb/v6-m/nofp\libc_nano.a(lib_a-nano-reallocr.o)
                0x000000000800a5fc                _realloc_r
 *fill*         0x000000000800a65a        0x2 
 .text.__ssputs_r
                0x000000000800a65c       0xc4 c:/st/stm32cubeide_1.12.0/stm32cubeide/plugins/com.st.stm32cube.ide.mcu.externaltools.gnu-tools-for-stm32.10.3-2021.10.win32_1.0.200.202301161003/tools/bin/../lib/gcc/arm-none-eabi/10.3.1/../../../../arm-none-eabi/lib/thumb/v6-m/nofp\libc_nano.a(lib_a-nano-svfprintf.o)
                0x000000000800a65c                __ssputs_r
 .text._svfprintf_r
                0x000000000800a720      0x200 c:/st/stm32cubeide_1.12.0/stm32cubeide/plugins/com.st.stm32cube.ide.mcu.externaltools.gnu-tools-for-stm32.10.3-2021.10.win32_1.0.200.202301161003/tools/bin/../lib/gcc/arm-none-eabi/10.3.1/../../../../arm-none-eabi/lib/thumb/v6-m/nofp\libc_nano.a(lib_a-nano-svfprintf.o)
                0x000000000800a720                _svfiprintf_r
                0x000000000800a720                _svfprintf_r
 .text._sbrk_r  0x000000000800a920       0x24 c:/st/stm32cubeide_1.12.0/stm32cubeide/plugins/com.st.stm32cube.ide.mcu.externaltools.gnu-tools-for-stm32.10.3-2021.10.win32_1.0.200.202301161003/tools/bin/../lib/gcc/arm-none-eabi/10.3.1/../../../../arm-none-eabi/lib/thumb/v6-m/nofp\libc_nano.a(lib_a-sbrkr.o)
                0x000000000800a920                _sbrk_r
 .text._raise_r
                0x000000000800a944       0x54 c:/st/stm32cubeide_1.12.0/stm32cubeide/plugins/com.st.stm32cube.ide.mcu.externaltools.gnu-tools-for-stm32.10.3-2021.10.win32_1.0.200.202301161003/tools/bin/../lib/gcc/arm-none-eabi/10.3.1/../../../../arm-none-eabi/lib/thumb/v6-m/nofp\libc_nano.a(lib_a-signal.o)
                0x000000000800a944                _raise_r
 .text.raise    0x000000000800a998       0x14 c:/st/stm32cubeide_1.12.0/stm32cubeide/plugins/com.st.stm32cube.ide.mcu.externaltools.gnu-tools-for-stm32.10.3-2021.10.win32_1.0.200.202301161003/tools/bin/../lib/gcc/arm-none-eabi/10.3.1/../../../../arm-none-eabi/lib/thumb/v6-m/nofp\libc_nano.a(lib_a-signal.o)
                0x000000000800a998                raise
 .text._kill_r  0x000000000800a9ac       0x24 c:/st/stm32cubeide_1.12.0/stm32cubeide/plugins/com.st.stm32cube.ide.mcu.externaltools.gnu-tools-for-stm32.10.3-2021.10.win32_1.0.200.202301161003/tools/bin/../lib/gcc/arm-none-eabi/10.3.1/../../../../arm-none-eabi/lib/thumb/v6-m/nofp\libc_nano.a(lib_a-signalr.o)
                0x000000000800a9ac                _kill_r
 .text._getpid_r
                0x000000000800a9d0        0x8 c:/st/stm32cubeide_1.12.0/stm32cubeide/plugins/com.st.stm32cube.ide.mcu.externaltools.gnu-tools-for-stm32.10.3-2021.10.win32_1.0.200.202301161003/tools/bin/../lib/gcc/arm-none-eabi/10.3.1/../../../../arm-none-eabi/lib/thumb/v6-m/nofp\libc_nano.a(lib_a-signalr.o)
                0x000000000800a9d0                _getpid_r
 .text.__sread  0x000000000800a9d8       0x28 c:/st/stm32cubeide_1.12.0/stm32cubeide/plugins/com.st.stm32cube.ide.mcu.externaltools.gnu-tools-for-stm32.10.3-2021.10.win32_1.0.200.202301161003/tools/bin/../lib/gcc/arm-none-eabi/10.3.1/../../../../arm-none-eabi/lib/thumb/v6-m/nofp\libc_nano.a(lib_a-stdio.o)
                0x000000000800a9d8                __sread
 .text.__swrite
                0x000000000800aa00       0x38 c:/st/stm32cubeide_1.12.0/stm32cubeide/plugins/com.st.stm32cube.ide.mcu.externaltools.gnu-tools-for-stm32.10.3-2021.10.win32_1.0.200.202301161003/tools/bin/../lib/gcc/arm-none-eabi/10.3.1/../../../../arm-none-eabi/lib/thumb/v6-m/nofp\libc_nano.a(lib_a-stdio.o)
                0x000000000800aa00                __swrite
 .text.__sseek  0x000000000800aa38       0x2c c:/st/stm32cubeide_1.12.0/stm32cubeide/plugins/com.st.stm32cube.ide.mcu.externaltools.gnu-tools-for-stm32.10.3-2021.10.win32_1.0.200.202301161003/tools/bin/../lib/gcc/arm-none-eabi/10.3.1/../../../../arm-none-eabi/lib/thumb/v6-m/nofp\libc_nano.a(lib_a-stdio.o)
                0x000000000800aa38                __sseek
 .text.__sclose
                0x000000000800aa64        0xc c:/st/stm32cubeide_1.12.0/stm32cubeide/plugins/com.st.stm32cube.ide.mcu.externaltools.gnu-tools-for-stm32.10.3-2021.10.win32_1.0.200.202301161003/tools/bin/../lib/gcc/arm-none-eabi/10.3.1/../../../../arm-none-eabi/lib/thumb/v6-m/nofp\libc_nano.a(lib_a-stdio.o)
                0x000000000800aa64                __sclose
 .text._write_r
                0x000000000800aa70       0x28 c:/st/stm32cubeide_1.12.0/stm32cubeide/plugins/com.st.stm32cube.ide.mcu.externaltools.gnu-tools-for-stm32.10.3-2021.10.win32_1.0.200.202301161003/tools/bin/../lib/gcc/arm-none-eabi/10.3.1/../../../../arm-none-eabi/lib/thumb/v6-m/nofp\libc_nano.a(lib_a-writer.o)
                0x000000000800aa70                _write_r
 .text._close_r
                0x000000000800aa98       0x24 c:/st/stm32cubeide_1.12.0/stm32cubeide/plugins/com.st.stm32cube.ide.mcu.externaltools.gnu-tools-for-stm32.10.3-2021.10.win32_1.0.200.202301161003/tools/bin/../lib/gcc/arm-none-eabi/10.3.1/../../../../arm-none-eabi/lib/thumb/v6-m/nofp\libc_nano.a(lib_a-closer.o)
                0x000000000800aa98                _close_r
 .text._fstat_r
                0x000000000800aabc       0x24 c:/st/stm32cubeide_1.12.0/stm32cubeide/plugins/com.st.stm32cube.ide.mcu.externaltools.gnu-tools-for-stm32.10.3-2021.10.win32_1.0.200.202301161003/tools/bin/../lib/gcc/arm-none-eabi/10.3.1/../../../../arm-none-eabi/lib/thumb/v6-m/nofp\libc_nano.a(lib_a-fstatr.o)
                0x000000000800aabc                _fstat_r
 .text._isatty_r
                0x000000000800aae0       0x24 c:/st/stm32cubeide_1.12.0/stm32cubeide/plugins/com.st.stm32cube.ide.mcu.externaltools.gnu-tools-for-stm32.10.3-2021.10.win32_1.0.200.202301161003/tools/bin/../lib/gcc/arm-none-eabi/10.3.1/../../../../arm-none-eabi/lib/thumb/v6-m/nofp\libc_nano.a(lib_a-isattyr.o)
                0x000000000800aae0                _isatty_r
 .text._lseek_r
                0x000000000800ab04       0x28 c:/st/stm32cubeide_1.12.0/stm32cubeide/plugins/com.st.stm32cube.ide.mcu.externaltools.gnu-tools-for-stm32.10.3-2021.10.win32_1.0.200.202301161003/tools/bin/../lib/gcc/arm-none-eabi/10.3.1/../../../../arm-none-eabi/lib/thumb/v6-m/nofp\libc_nano.a(lib_a-lseekr.o)
                0x000000000800ab04                _lseek_r
 .text.__malloc_lock
                0x000000000800ab2c       0x10 c:/st/stm32cubeide_1.12.0/stm32cubeide/plugins/com.st.stm32cube.ide.mcu.externaltools.gnu-tools-for-stm32.10.3-2021.10.win32_1.0.200.202301161003/tools/bin/../lib/gcc/arm-none-eabi/10.3.1/../../../../arm-none-eabi/lib/thumb/v6-m/nofp\libc_nano.a(lib_a-mlock.o)
                0x000000000800ab2c                __malloc_lock
 .text.__malloc_unlock
                0x000000000800ab3c       0x10 c:/st/stm32cubeide_1.12.0/stm32cubeide/plugins/com.st.stm32cube.ide.mcu.externaltools.gnu-tools-for-stm32.10.3-2021.10.win32_1.0.200.202301161003/tools/bin/../lib/gcc/arm-none-eabi/10.3.1/../../../../arm-none-eabi/lib/thumb/v6-m/nofp\libc_nano.a(lib_a-mlock.o)
                0x000000000800ab3c                __malloc_unlock
 .text._malloc_usable_size_r
                0x000000000800ab4c       0x10 c:/st/stm32cubeide_1.12.0/stm32cubeide/plugins/com.st.stm32cube.ide.mcu.externaltools.gnu-tools-for-stm32.10.3-2021.10.win32_1.0.200.202301161003/tools/bin/../lib/gcc/arm-none-eabi/10.3.1/../../../../arm-none-eabi/lib/thumb/v6-m/nofp\libc_nano.a(lib_a-nano-msizer.o)
                0x000000000800ab4c                _malloc_usable_size_r
 .text._read_r  0x000000000800ab5c       0x28 c:/st/stm32cubeide_1.12.0/stm32cubeide/plugins/com.st.stm32cube.ide.mcu.externaltools.gnu-tools-for-stm32.10.3-2021.10.win32_1.0.200.202301161003/tools/bin/../lib/gcc/arm-none-eabi/10.3.1/../../../../arm-none-eabi/lib/thumb/v6-m/nofp\libc_nano.a(lib_a-readr.o)
                0x000000000800ab5c                _read_r
 *(.glue_7)
 .glue_7        0x000000000800ab84        0x0 linker stubs
 *(.glue_7t)
 .glue_7t       0x000000000800ab84        0x0 linker stubs
 *(.eh_frame)
 .eh_frame      0x000000000800ab84        0x0 c:/st/stm32cubeide_1.12.0/stm32cubeide/plugins/com.st.stm32cube.ide.mcu.externaltools.gnu-tools-for-stm32.10.3-2021.10.win32_1.0.200.202301161003/tools/bin/../lib/gcc/arm-none-eabi/10.3.1/thumb/v6-m/nofp/crtbegin.o
 *(.init)
 .init          0x000000000800ab84        0x4 c:/st/stm32cubeide_1.12.0/stm32cubeide/plugins/com.st.stm32cube.ide.mcu.externaltools.gnu-tools-for-stm32.10.3-2021.10.win32_1.0.200.202301161003/tools/bin/../lib/gcc/arm-none-eabi/10.3.1/thumb/v6-m/nofp/crti.o
                0x000000000800ab84                _init
 .init          0x000000000800ab88        0x8 c:/st/stm32cubeide_1.12.0/stm32cubeide/plugins/com.st.stm32cube.ide.mcu.externaltools.gnu-tools-for-stm32.10.3-2021.10.win32_1.0.200.202301161003/tools/bin/../lib/gcc/arm-none-eabi/10.3.1/thumb/v6-m/nofp/crtn.o
 *(.fini)
 .fini          0x000000000800ab90        0x4 c:/st/stm32cubeide_1.12.0/stm32cubeide/plugins/com.st.stm32cube.ide.mcu.externaltools.gnu-tools-for-stm32.10.3-2021.10.win32_1.0.200.202301161003/tools/bin/../lib/gcc/arm-none-eabi/10.3.1/thumb/v6-m/nofp/crti.o
                0x000000000800ab90                _fini
 .fini          0x000000000800ab94        0x8 c:/st/stm32cubeide_1.12.0/stm32cubeide/plugins/com.st.stm32cube.ide.mcu.externaltools.gnu-tools-for-stm32.10.3-2021.10.win32_1.0.200.202301161003/tools/bin/../lib/gcc/arm-none-eabi/10.3.1/thumb/v6-m/nofp/crtn.o
                0x000000000800ab9c                . = ALIGN (0x4)
                0x000000000800ab9c                _etext = .

.vfp11_veneer   0x000000000800ab9c        0x0
 .vfp11_veneer  0x000000000800ab9c        0x0 linker stubs

.v4_bx          0x000000000800ab9c        0x0
 .v4_bx         0x000000000800ab9c        0x0 linker stubs

.iplt           0x000000000800ab9c        0x0
 .iplt          0x000000000800ab9c        0x0 c:/st/stm32cubeide_1.12.0/stm32cubeide/plugins/com.st.stm32cube.ide.mcu.externaltools.gnu-tools-for-stm32.10.3-2021.10.win32_1.0.200.202301161003/tools/bin/../lib/gcc/arm-none-eabi/10.3.1/thumb/v6-m/nofp/crtbegin.o

.rodata         0x000000000800ab9c     0x3f58
                0x000000000800ab9c                . = ALIGN (0x4)
 *(.rodata)
 *(.rodata*)
 .rodata.EINK_NFC_SET_SIZE.str1.4
                0x000000000800ab9c       0x28 ./Core/Src/eink_nfc.o
 .rodata.EINK_NFC_SET_SIZE
                0x000000000800abc4       0x28 ./Core/Src/eink_nfc.o
 .rodata.EINK_NFC_SET_WASHING
                0x000000000800abec      0x10c ./Core/Src/eink_nfc.o
 .rodata.EINK_NFC_SET_DRYING
                0x000000000800acf8       0x38 ./Core/Src/eink_nfc.o
 .rodata.EINK_NFC_SET_PROF
                0x000000000800ad30       0x30 ./Core/Src/eink_nfc.o
 .rodata.main.str1.4
                0x000000000800ad60       0x70 ./Core/Src/main.o
 .rodata.AHBPrescTable
                0x000000000800add0       0x10 ./Core/Src/system_stm32l0xx.o
                0x000000000800add0                AHBPrescTable
 .rodata.APBPrescTable
                0x000000000800ade0        0x8 ./Core/Src/system_stm32l0xx.o
                0x000000000800ade0                APBPrescTable
 .rodata.PLLMulTable
                0x000000000800ade8        0x9 ./Core/Src/system_stm32l0xx.o
                0x000000000800ade8                PLLMulTable
 *fill*         0x000000000800adf1        0x3 
 .rodata.HAL_UART_Init
                0x000000000800adf4       0x48 ./Drivers/STM32L0xx_HAL_Driver/Src/stm32l0xx_hal_uart.o
 .rodata.CSWTCH.59
                0x000000000800ae3c        0x3 ./Drivers/STM32L0xx_HAL_Driver/Src/stm32l0xx_hal_uart.o
 *fill*         0x000000000800ae3f        0x1 
 .rodata.CSWTCH.60
                0x000000000800ae40        0xd ./Drivers/STM32L0xx_HAL_Driver/Src/stm32l0xx_hal_uart.o
 *fill*         0x000000000800ae4d        0x3 
 .rodata.Font12_Table
                0x000000000800ae50      0x474 ./epd-lib/Fonts/font12.o
                0x000000000800ae50                Font12_Table
 .rodata.Font16_Table
                0x000000000800b2c4      0xbe0 ./epd-lib/Fonts/font16.o
                0x000000000800b2c4                Font16_Table
 .rodata.Font8_Table
                0x000000000800bea4      0x2f8 ./epd-lib/Fonts/font8.o
                0x000000000800bea4                Font8_Table
 .rodata.Paint_SetPixel.part.0.str1.4
                0x000000000800c19c       0x25 ./epd-lib/GUI/GUI_Paint_new.o
 *fill*         0x000000000800c1c1        0x3 
 .rodata.Paint_DrawLine.constprop.1.str1.4
                0x000000000800c1c4       0xc9 ./epd-lib/GUI/GUI_Paint_new.o
 *fill*         0x000000000800c28d        0x3 
 .rodata.Paint_SetRotate.str1.4
                0x000000000800c290       0x41 ./epd-lib/GUI/GUI_Paint_new.o
 *fill*         0x000000000800c2d1        0x3 
 .rodata.Paint_DrawRectangle.str1.4
                0x000000000800c2d4       0x2f ./epd-lib/GUI/GUI_Paint_new.o
 *fill*         0x000000000800c303        0x1 
 .rodata.Paint_DrawChar.str1.4
                0x000000000800c304       0x3e ./epd-lib/GUI/GUI_Paint_new.o
 *fill*         0x000000000800c342        0x2 
 .rodata.Paint_DrawString_EN.str1.4
                0x000000000800c344       0x43 ./epd-lib/GUI/GUI_Paint_new.o
 *fill*         0x000000000800c387        0x1 
 .rodata.lut_bb
                0x000000000800c388       0x2a ./epd-lib/e-Paper/EPD_2in13d.o
                0x000000000800c388                lut_bb
 *fill*         0x000000000800c3b2        0x2 
 .rodata.lut_bw
                0x000000000800c3b4       0x2a ./epd-lib/e-Paper/EPD_2in13d.o
                0x000000000800c3b4                lut_bw
 *fill*         0x000000000800c3de        0x2 
 .rodata.lut_vcomDC
                0x000000000800c3e0       0x2c ./epd-lib/e-Paper/EPD_2in13d.o
                0x000000000800c3e0                lut_vcomDC
 .rodata.lut_wb
                0x000000000800c40c       0x2a ./epd-lib/e-Paper/EPD_2in13d.o
                0x000000000800c40c                lut_wb
 *fill*         0x000000000800c436        0x2 
 .rodata.lut_ww
                0x000000000800c438       0x2a ./epd-lib/e-Paper/EPD_2in13d.o
                0x000000000800c438                lut_ww
 *fill*         0x000000000800c462        0x2 
 .rodata.bleaching_any_bleach
                0x000000000800c464       0xaf ./epd-lib/e-Paper/ImageData.o
                0x000000000800c464                bleaching_any_bleach
 *fill*         0x000000000800c513        0x1 
 .rodata.bleaching_do_not_bleach
                0x000000000800c514       0xaf ./epd-lib/e-Paper/ImageData.o
                0x000000000800c514                bleaching_do_not_bleach
 *fill*         0x000000000800c5c3        0x1 
 .rodata.bleaching_only_oxygen
                0x000000000800c5c4       0xaf ./epd-lib/e-Paper/ImageData.o
                0x000000000800c5c4                bleaching_only_oxygen
 *fill*         0x000000000800c673        0x1 
 .rodata.drying_do_not_tuble_dry
                0x000000000800c674       0xaf ./epd-lib/e-Paper/ImageData.o
                0x000000000800c674                drying_do_not_tuble_dry
 *fill*         0x000000000800c723        0x1 
 .rodata.drying_drip_flat_dry
                0x000000000800c724       0xaf ./epd-lib/e-Paper/ImageData.o
                0x000000000800c724                drying_drip_flat_dry
 *fill*         0x000000000800c7d3        0x1 
 .rodata.drying_drip_flat_dry_shade
                0x000000000800c7d4       0xaf ./epd-lib/e-Paper/ImageData.o
                0x000000000800c7d4                drying_drip_flat_dry_shade
 *fill*         0x000000000800c883        0x1 
 .rodata.drying_drip_line_dry
                0x000000000800c884       0xaf ./epd-lib/e-Paper/ImageData.o
                0x000000000800c884                drying_drip_line_dry
 *fill*         0x000000000800c933        0x1 
 .rodata.drying_drip_line_dry_shade
                0x000000000800c934       0xaf ./epd-lib/e-Paper/ImageData.o
                0x000000000800c934                drying_drip_line_dry_shade
 *fill*         0x000000000800c9e3        0x1 
 .rodata.drying_flat_dry_shade
                0x000000000800c9e4       0xaf ./epd-lib/e-Paper/ImageData.o
                0x000000000800c9e4                drying_flat_dry_shade
 *fill*         0x000000000800ca93        0x1 
 .rodata.drying_flat_drying
                0x000000000800ca94       0xaf ./epd-lib/e-Paper/ImageData.o
                0x000000000800ca94                drying_flat_drying
 *fill*         0x000000000800cb43        0x1 
 .rodata.drying_line_dry
                0x000000000800cb44       0xaf ./epd-lib/e-Paper/ImageData.o
                0x000000000800cb44                drying_line_dry
 *fill*         0x000000000800cbf3        0x1 
 .rodata.drying_line_drying_shade
                0x000000000800cbf4       0xaf ./epd-lib/e-Paper/ImageData.o
                0x000000000800cbf4                drying_line_drying_shade
 *fill*         0x000000000800cca3        0x1 
 .rodata.drying_mild_dry
                0x000000000800cca4       0xaf ./epd-lib/e-Paper/ImageData.o
                0x000000000800cca4                drying_mild_dry
 *fill*         0x000000000800cd53        0x1 
 .rodata.drying_natural_drying
                0x000000000800cd54       0xaf ./epd-lib/e-Paper/ImageData.o
                0x000000000800cd54                drying_natural_drying
 *fill*         0x000000000800ce03        0x1 
 .rodata.drying_normal_drying
                0x000000000800ce04       0xaf ./epd-lib/e-Paper/ImageData.o
                0x000000000800ce04                drying_normal_drying
 *fill*         0x000000000800ceb3        0x1 
 .rodata.drying_tumble_drying
                0x000000000800ceb4       0xaf ./epd-lib/e-Paper/ImageData.o
                0x000000000800ceb4                drying_tumble_drying
 *fill*         0x000000000800cf63        0x1 
 .rodata.ironing_do_not_iron
                0x000000000800cf64       0xaf ./epd-lib/e-Paper/ImageData.o
                0x000000000800cf64                ironing_do_not_iron
 *fill*         0x000000000800d013        0x1 
 .rodata.ironing_hot_iron
                0x000000000800d014       0xaf ./epd-lib/e-Paper/ImageData.o
                0x000000000800d014                ironing_hot_iron
 *fill*         0x000000000800d0c3        0x1 
 .rodata.ironing_low_iron
                0x000000000800d0c4       0xaf ./epd-lib/e-Paper/ImageData.o
                0x000000000800d0c4                ironing_low_iron
 *fill*         0x000000000800d173        0x1 
 .rodata.ironing_mode_iron
                0x000000000800d174       0xaf ./epd-lib/e-Paper/ImageData.o
                0x000000000800d174                ironing_mode_iron
 *fill*         0x000000000800d223        0x1 
 .rodata.prof_do_not_wet_clean
                0x000000000800d224       0xaf ./epd-lib/e-Paper/ImageData.o
                0x000000000800d224                prof_do_not_wet_clean
 *fill*         0x000000000800d2d3        0x1 
 .rodata.prof_dry_clean
                0x000000000800d2d4       0xaf ./epd-lib/e-Paper/ImageData.o
                0x000000000800d2d4                prof_dry_clean
 *fill*         0x000000000800d383        0x1 
 .rodata.prof_mild_hydro_clean
                0x000000000800d384       0xaf ./epd-lib/e-Paper/ImageData.o
                0x000000000800d384                prof_mild_hydro_clean
 *fill*         0x000000000800d433        0x1 
 .rodata.prof_mild_perchloro_clean
                0x000000000800d434       0xaf ./epd-lib/e-Paper/ImageData.o
                0x000000000800d434                prof_mild_perchloro_clean
 *fill*         0x000000000800d4e3        0x1 
 .rodata.prof_mild_wetcleaning
                0x000000000800d4e4       0xaf ./epd-lib/e-Paper/ImageData.o
                0x000000000800d4e4                prof_mild_wetcleaning
 *fill*         0x000000000800d593        0x1 
 .rodata.prof_norm_wetcleaning
                0x000000000800d594       0xaf ./epd-lib/e-Paper/ImageData.o
                0x000000000800d594                prof_norm_wetcleaning
 *fill*         0x000000000800d643        0x1 
 .rodata.prof_normal_hydro_clean
                0x000000000800d644       0xaf ./epd-lib/e-Paper/ImageData.o
                0x000000000800d644                prof_normal_hydro_clean
 *fill*         0x000000000800d6f3        0x1 
 .rodata.prof_normal_perhloro_clean
                0x000000000800d6f4       0xaf ./epd-lib/e-Paper/ImageData.o
                0x000000000800d6f4                prof_normal_perhloro_clean
 *fill*         0x000000000800d7a3        0x1 
 .rodata.prof_not_dry_clean
                0x000000000800d7a4       0xaf ./epd-lib/e-Paper/ImageData.o
                0x000000000800d7a4                prof_not_dry_clean
 *fill*         0x000000000800d853        0x1 
 .rodata.prof_very_mild_wetcleaning
                0x000000000800d854       0xaf ./epd-lib/e-Paper/ImageData.o
                0x000000000800d854                prof_very_mild_wetcleaning
 *fill*         0x000000000800d903        0x1 
 .rodata.prof_wetcleaning
                0x000000000800d904       0xaf ./epd-lib/e-Paper/ImageData.o
                0x000000000800d904                prof_wetcleaning
 *fill*         0x000000000800d9b3        0x1 
 .rodata.washing_do_not_wash
                0x000000000800d9b4       0xaf ./epd-lib/e-Paper/ImageData.o
                0x000000000800d9b4                washing_do_not_wash
 *fill*         0x000000000800da63        0x1 
 .rodata.washing_mild_30
                0x000000000800da64       0xaf ./epd-lib/e-Paper/ImageData.o
                0x000000000800da64                washing_mild_30
 *fill*         0x000000000800db13        0x1 
 .rodata.washing_mild_40
                0x000000000800db14       0xaf ./epd-lib/e-Paper/ImageData.o
                0x000000000800db14                washing_mild_40
 *fill*         0x000000000800dbc3        0x1 
 .rodata.washing_mild_60
                0x000000000800dbc4       0xaf ./epd-lib/e-Paper/ImageData.o
                0x000000000800dbc4                washing_mild_60
 *fill*         0x000000000800dc73        0x1 
 .rodata.washing_normal_30
                0x000000000800dc74       0xaf ./epd-lib/e-Paper/ImageData.o
                0x000000000800dc74                washing_normal_30
 *fill*         0x000000000800dd23        0x1 
 .rodata.washing_normal_40
                0x000000000800dd24       0xaf ./epd-lib/e-Paper/ImageData.o
                0x000000000800dd24                washing_normal_40
 *fill*         0x000000000800ddd3        0x1 
 .rodata.washing_normal_60
                0x000000000800ddd4       0xaf ./epd-lib/e-Paper/ImageData.o
                0x000000000800ddd4                washing_normal_60
 *fill*         0x000000000800de83        0x1 
 .rodata.washing_normal_70
                0x000000000800de84       0xaf ./epd-lib/e-Paper/ImageData.o
                0x000000000800de84                washing_normal_70
 *fill*         0x000000000800df33        0x1 
 .rodata.washing_normal_95
                0x000000000800df34       0xaf ./epd-lib/e-Paper/ImageData.o
                0x000000000800df34                washing_normal_95
 *fill*         0x000000000800dfe3        0x1 
 .rodata.washing_very_mild_30
                0x000000000800dfe4       0xaf ./epd-lib/e-Paper/ImageData.o
                0x000000000800dfe4                washing_very_mild_30
 *fill*         0x000000000800e093        0x1 
 .rodata.washing_very_mild_40
                0x000000000800e094       0xaf ./epd-lib/e-Paper/ImageData.o
                0x000000000800e094                washing_very_mild_40
 *fill*         0x000000000800e143        0x1 
 .rodata.washing_wash_by_hand
                0x000000000800e144       0xaf ./epd-lib/e-Paper/ImageData.o
                0x000000000800e144                washing_wash_by_hand
 *fill*         0x000000000800e1f3        0x1 
 .rodata.finderPenaltyCountPatterns.str1.4
                0x000000000800e1f4       0x2a ./qr-codegen/qrcodegen.o
 *fill*         0x000000000800e21e        0x2 
 .rodata.appendBitsToBuffer.part.0.str1.4
                0x000000000800e220       0x44 ./qr-codegen/qrcodegen.o
 .rodata.qrcodegen_getSize.part.0.str1.4
                0x000000000800e264       0x59 ./qr-codegen/qrcodegen.o
 *fill*         0x000000000800e2bd        0x3 
 .rodata.getNumDataCodewords.str1.4
                0x000000000800e2c0       0x71 ./qr-codegen/qrcodegen.o
 *fill*         0x000000000800e331        0x3 
 .rodata.applyMask.str1.4
                0x000000000800e334       0x82 ./qr-codegen/qrcodegen.o
 *fill*         0x000000000800e3b6        0x2 
 .rodata.applyMask
                0x000000000800e3b8       0x20 ./qr-codegen/qrcodegen.o
 .rodata.drawFormatBits.str1.4
                0x000000000800e3d8       0x10 ./qr-codegen/qrcodegen.o
 .rodata.qrcodegen_encodeSegmentsAdvanced.str1.4
                0x000000000800e3e8      0x21a ./qr-codegen/qrcodegen.o
 *fill*         0x000000000800e602        0x2 
 .rodata.qrcodegen_encodeSegmentsAdvanced
                0x000000000800e604       0x48 ./qr-codegen/qrcodegen.o
 .rodata.qrcodegen_isNumeric.str1.4
                0x000000000800e64c        0xd ./qr-codegen/qrcodegen.o
 *fill*         0x000000000800e659        0x3 
 .rodata.qrcodegen_isAlphanumeric.str1.4
                0x000000000800e65c       0x2e ./qr-codegen/qrcodegen.o
 *fill*         0x000000000800e68a        0x2 
 .rodata.qrcodegen_makeNumeric.str1.4
                0x000000000800e68c       0x5f ./qr-codegen/qrcodegen.o
 *fill*         0x000000000800e6eb        0x1 
 .rodata.qrcodegen_makeAlphanumeric.str1.4
                0x000000000800e6ec        0xd ./qr-codegen/qrcodegen.o
 *fill*         0x000000000800e6f9        0x3 
 .rodata.ECC_CODEWORDS_PER_BLOCK
                0x000000000800e6fc       0xa4 ./qr-codegen/qrcodegen.o
 .rodata.NUM_ERROR_CORRECTION_BLOCKS
                0x000000000800e7a0       0xa4 ./qr-codegen/qrcodegen.o
 .rodata.__func__.1
                0x000000000800e844       0x1b ./qr-codegen/qrcodegen.o
 *fill*         0x000000000800e85f        0x1 
 .rodata.__func__.10
                0x000000000800e860        0xf ./qr-codegen/qrcodegen.o
 *fill*         0x000000000800e86f        0x1 
 .rodata.__func__.11
                0x000000000800e870        0xa ./qr-codegen/qrcodegen.o
 *fill*         0x000000000800e87a        0x2 
 .rodata.__func__.12
                0x000000000800e87c       0x1b ./qr-codegen/qrcodegen.o
 *fill*         0x000000000800e897        0x1 
 .rodata.__func__.13
                0x000000000800e898       0x10 ./qr-codegen/qrcodegen.o
 .rodata.__func__.14
                0x000000000800e8a8       0x19 ./qr-codegen/qrcodegen.o
 *fill*         0x000000000800e8c1        0x3 
 .rodata.__func__.15
                0x000000000800e8c4       0x11 ./qr-codegen/qrcodegen.o
 *fill*         0x000000000800e8d5        0x3 
 .rodata.__func__.16
                0x000000000800e8d8       0x11 ./qr-codegen/qrcodegen.o
 *fill*         0x000000000800e8e9        0x3 
 .rodata.__func__.17
                0x000000000800e8ec        0xe ./qr-codegen/qrcodegen.o
 *fill*         0x000000000800e8fa        0x2 
 .rodata.__func__.18
                0x000000000800e8fc       0x15 ./qr-codegen/qrcodegen.o
 *fill*         0x000000000800e911        0x3 
 .rodata.__func__.2
                0x000000000800e914       0x16 ./qr-codegen/qrcodegen.o
 *fill*         0x000000000800e92a        0x2 
 .rodata.__func__.20
                0x000000000800e92c       0x1a ./qr-codegen/qrcodegen.o
 *fill*         0x000000000800e946        0x2 
 .rodata.__func__.22
                0x000000000800e948       0x13 ./qr-codegen/qrcodegen.o
 *fill*         0x000000000800e95b        0x1 
 .rodata.__func__.23
                0x000000000800e95c       0x14 ./qr-codegen/qrcodegen.o
 .rodata.__func__.28
                0x000000000800e970       0x11 ./qr-codegen/qrcodegen.o
 *fill*         0x000000000800e981        0x3 
 .rodata.__func__.29
                0x000000000800e984        0xd ./qr-codegen/qrcodegen.o
 *fill*         0x000000000800e991        0x3 
 .rodata.__func__.30
                0x000000000800e994       0x21 ./qr-codegen/qrcodegen.o
 *fill*         0x000000000800e9b5        0x3 
 .rodata.__func__.7
                0x000000000800e9b8       0x14 ./qr-codegen/qrcodegen.o
 .rodata.__func__.8
                0x000000000800e9cc       0x12 ./qr-codegen/qrcodegen.o
 *fill*         0x000000000800e9de        0x2 
 .rodata.table.9
                0x000000000800e9e0       0x10 ./qr-codegen/qrcodegen.o
 .rodata.temp.24
                0x000000000800e9f0        0xc ./qr-codegen/qrcodegen.o
 .rodata.temp.25
                0x000000000800e9fc        0xc ./qr-codegen/qrcodegen.o
 .rodata.temp.26
                0x000000000800ea08        0xc ./qr-codegen/qrcodegen.o
 .rodata.temp.27
                0x000000000800ea14        0xc ./qr-codegen/qrcodegen.o
 .rodata.__assert_func.str1.1
                0x000000000800ea20       0x3c c:/st/stm32cubeide_1.12.0/stm32cubeide/plugins/com.st.stm32cube.ide.mcu.externaltools.gnu-tools-for-stm32.10.3-2021.10.win32_1.0.200.202301161003/tools/bin/../lib/gcc/arm-none-eabi/10.3.1/../../../../arm-none-eabi/lib/thumb/v6-m/nofp\libc_nano.a(lib_a-assert.o)
                                         0x3d (size before relaxing)
 .rodata._global_impure_ptr
                0x000000000800ea5c        0x4 c:/st/stm32cubeide_1.12.0/stm32cubeide/plugins/com.st.stm32cube.ide.mcu.externaltools.gnu-tools-for-stm32.10.3-2021.10.win32_1.0.200.202301161003/tools/bin/../lib/gcc/arm-none-eabi/10.3.1/../../../../arm-none-eabi/lib/thumb/v6-m/nofp\libc_nano.a(lib_a-impure.o)
                0x000000000800ea5c                _global_impure_ptr
 .rodata._vfprintf_r.str1.1
                0x000000000800ea60       0x11 c:/st/stm32cubeide_1.12.0/stm32cubeide/plugins/com.st.stm32cube.ide.mcu.externaltools.gnu-tools-for-stm32.10.3-2021.10.win32_1.0.200.202301161003/tools/bin/../lib/gcc/arm-none-eabi/10.3.1/../../../../arm-none-eabi/lib/thumb/v6-m/nofp\libc_nano.a(lib_a-nano-vfprintf.o)
 .rodata._printf_i.str1.1
                0x000000000800ea71       0x22 c:/st/stm32cubeide_1.12.0/stm32cubeide/plugins/com.st.stm32cube.ide.mcu.externaltools.gnu-tools-for-stm32.10.3-2021.10.win32_1.0.200.202301161003/tools/bin/../lib/gcc/arm-none-eabi/10.3.1/../../../../arm-none-eabi/lib/thumb/v6-m/nofp\libc_nano.a(lib_a-nano-vfprintf_i.o)
 *fill*         0x000000000800ea93        0x1 
 .rodata.__sf_fake_stderr
                0x000000000800ea94       0x20 c:/st/stm32cubeide_1.12.0/stm32cubeide/plugins/com.st.stm32cube.ide.mcu.externaltools.gnu-tools-for-stm32.10.3-2021.10.win32_1.0.200.202301161003/tools/bin/../lib/gcc/arm-none-eabi/10.3.1/../../../../arm-none-eabi/lib/thumb/v6-m/nofp\libc_nano.a(lib_a-findfp.o)
                0x000000000800ea94                __sf_fake_stderr
 .rodata.__sf_fake_stdin
                0x000000000800eab4       0x20 c:/st/stm32cubeide_1.12.0/stm32cubeide/plugins/com.st.stm32cube.ide.mcu.externaltools.gnu-tools-for-stm32.10.3-2021.10.win32_1.0.200.202301161003/tools/bin/../lib/gcc/arm-none-eabi/10.3.1/../../../../arm-none-eabi/lib/thumb/v6-m/nofp\libc_nano.a(lib_a-findfp.o)
                0x000000000800eab4                __sf_fake_stdin
 .rodata.__sf_fake_stdout
                0x000000000800ead4       0x20 c:/st/stm32cubeide_1.12.0/stm32cubeide/plugins/com.st.stm32cube.ide.mcu.externaltools.gnu-tools-for-stm32.10.3-2021.10.win32_1.0.200.202301161003/tools/bin/../lib/gcc/arm-none-eabi/10.3.1/../../../../arm-none-eabi/lib/thumb/v6-m/nofp\libc_nano.a(lib_a-findfp.o)
                0x000000000800ead4                __sf_fake_stdout
 .rodata._svfprintf_r.str1.1
                0x000000000800eaf4       0x11 c:/st/stm32cubeide_1.12.0/stm32cubeide/plugins/com.st.stm32cube.ide.mcu.externaltools.gnu-tools-for-stm32.10.3-2021.10.win32_1.0.200.202301161003/tools/bin/../lib/gcc/arm-none-eabi/10.3.1/../../../../arm-none-eabi/lib/thumb/v6-m/nofp\libc_nano.a(lib_a-nano-svfprintf.o)
                0x000000000800eb08                . = ALIGN (0x4)

.ARM.extab      0x000000000800eaf4        0x0
                0x000000000800eaf4                . = ALIGN (0x4)
 *(.ARM.extab* .gnu.linkonce.armextab.*)
                0x000000000800eaf4                . = ALIGN (0x4)

.ARM            0x000000000800eaf4        0x8
                0x000000000800eaf4                . = ALIGN (0x4)
                0x000000000800eaf4                __exidx_start = .
 *(.ARM.exidx*)
 .ARM.exidx     0x000000000800eaf4        0x8 c:/st/stm32cubeide_1.12.0/stm32cubeide/plugins/com.st.stm32cube.ide.mcu.externaltools.gnu-tools-for-stm32.10.3-2021.10.win32_1.0.200.202301161003/tools/bin/../lib/gcc/arm-none-eabi/10.3.1/thumb/v6-m/nofp\libgcc.a(_udivmoddi4.o)
                0x000000000800eafc                __exidx_end = .
                0x000000000800eafc                . = ALIGN (0x4)

.rel.dyn        0x000000000800eafc        0x0
 .rel.iplt      0x000000000800eafc        0x0 c:/st/stm32cubeide_1.12.0/stm32cubeide/plugins/com.st.stm32cube.ide.mcu.externaltools.gnu-tools-for-stm32.10.3-2021.10.win32_1.0.200.202301161003/tools/bin/../lib/gcc/arm-none-eabi/10.3.1/thumb/v6-m/nofp/crtbegin.o

.preinit_array  0x000000000800eafc        0x0
                0x000000000800eafc                . = ALIGN (0x4)
                0x000000000800eafc                PROVIDE (__preinit_array_start = .)
 *(.preinit_array*)
                0x000000000800eafc                PROVIDE (__preinit_array_end = .)
                0x000000000800eafc                . = ALIGN (0x4)

.init_array     0x000000000800eafc        0x4
                0x000000000800eafc                . = ALIGN (0x4)
                0x000000000800eafc                PROVIDE (__init_array_start = .)
 *(SORT_BY_NAME(.init_array.*))
 *(.init_array*)
 .init_array    0x000000000800eafc        0x4 c:/st/stm32cubeide_1.12.0/stm32cubeide/plugins/com.st.stm32cube.ide.mcu.externaltools.gnu-tools-for-stm32.10.3-2021.10.win32_1.0.200.202301161003/tools/bin/../lib/gcc/arm-none-eabi/10.3.1/thumb/v6-m/nofp/crtbegin.o
                0x000000000800eb00                PROVIDE (__init_array_end = .)
                0x000000000800eb00                . = ALIGN (0x4)

.fini_array     0x000000000800eb00        0x4
                0x000000000800eb00                . = ALIGN (0x4)
                [!provide]                        PROVIDE (__fini_array_start = .)
 *(SORT_BY_NAME(.fini_array.*))
 *(.fini_array*)
 .fini_array    0x000000000800eb00        0x4 c:/st/stm32cubeide_1.12.0/stm32cubeide/plugins/com.st.stm32cube.ide.mcu.externaltools.gnu-tools-for-stm32.10.3-2021.10.win32_1.0.200.202301161003/tools/bin/../lib/gcc/arm-none-eabi/10.3.1/thumb/v6-m/nofp/crtbegin.o
                [!provide]                        PROVIDE (__fini_array_end = .)
                0x000000000800eb04                . = ALIGN (0x4)
                0x000000000800eb04                _sidata = LOADADDR (.data)

.data           0x0000000020000000       0x88 load address 0x000000000800eb04
                0x0000000020000000                . = ALIGN (0x4)
                0x0000000020000000                _sdata = .
 *(.data)
 *(.data*)
 .data.SystemCoreClock
                0x0000000020000000        0x4 ./Core/Src/system_stm32l0xx.o
                0x0000000020000000                SystemCoreClock
 .data.uwTickFreq
                0x0000000020000004        0x1 ./Drivers/STM32L0xx_HAL_Driver/Src/stm32l0xx_hal.o
                0x0000000020000004                uwTickFreq
 *fill*         0x0000000020000005        0x3 
 .data.uwTickPrio
                0x0000000020000008        0x4 ./Drivers/STM32L0xx_HAL_Driver/Src/stm32l0xx_hal.o
                0x0000000020000008                uwTickPrio
 .data.Font12   0x000000002000000c        0x8 ./epd-lib/Fonts/font12.o
                0x000000002000000c                Font12
 .data.Font16   0x0000000020000014        0x8 ./epd-lib/Fonts/font16.o
                0x0000000020000014                Font16
 .data.Font8    0x000000002000001c        0x8 ./epd-lib/Fonts/font8.o
                0x000000002000001c                Font8
 .data._impure_ptr
                0x0000000020000024        0x4 c:/st/stm32cubeide_1.12.0/stm32cubeide/plugins/com.st.stm32cube.ide.mcu.externaltools.gnu-tools-for-stm32.10.3-2021.10.win32_1.0.200.202301161003/tools/bin/../lib/gcc/arm-none-eabi/10.3.1/../../../../arm-none-eabi/lib/thumb/v6-m/nofp\libc_nano.a(lib_a-impure.o)
                0x0000000020000024                _impure_ptr
 .data.impure_data
                0x0000000020000028       0x60 c:/st/stm32cubeide_1.12.0/stm32cubeide/plugins/com.st.stm32cube.ide.mcu.externaltools.gnu-tools-for-stm32.10.3-2021.10.win32_1.0.200.202301161003/tools/bin/../lib/gcc/arm-none-eabi/10.3.1/../../../../arm-none-eabi/lib/thumb/v6-m/nofp\libc_nano.a(lib_a-impure.o)
 *(.RamFunc)
 *(.RamFunc*)
                0x0000000020000088                . = ALIGN (0x4)
                0x0000000020000088                _edata = .

.igot.plt       0x0000000020000088        0x0 load address 0x000000000800eb8c
 .igot.plt      0x0000000020000088        0x0 c:/st/stm32cubeide_1.12.0/stm32cubeide/plugins/com.st.stm32cube.ide.mcu.externaltools.gnu-tools-for-stm32.10.3-2021.10.win32_1.0.200.202301161003/tools/bin/../lib/gcc/arm-none-eabi/10.3.1/thumb/v6-m/nofp/crtbegin.o
                0x0000000020000088                . = ALIGN (0x4)

.bss            0x0000000020000088     0x1314 load address 0x000000000800eb8c
                0x0000000020000088                _sbss = .
                0x0000000020000088                __bss_start__ = _sbss
 *(.bss)
 .bss           0x0000000020000088       0x1c c:/st/stm32cubeide_1.12.0/stm32cubeide/plugins/com.st.stm32cube.ide.mcu.externaltools.gnu-tools-for-stm32.10.3-2021.10.win32_1.0.200.202301161003/tools/bin/../lib/gcc/arm-none-eabi/10.3.1/thumb/v6-m/nofp/crtbegin.o
 *(.bss*)
 .bss.hi2c1     0x00000000200000a4       0x54 ./Core/Src/i2c.o
                0x00000000200000a4                hi2c1
 .bss.BlackImage
                0x00000000200000f8      0xac4 ./Core/Src/main.o
                0x00000000200000f8                BlackImage
 .bss.eink_nfc_taginfo
                0x0000000020000bbc      0x6a5 ./Core/Src/main.o
                0x0000000020000bbc                eink_nfc_taginfo
 *fill*         0x0000000020001261        0x3 
 .bss.st25Obj   0x0000000020001264       0x28 ./Core/Src/main.o
                0x0000000020001264                st25Obj
 .bss.hspi1     0x000000002000128c       0x58 ./Core/Src/spi.o
                0x000000002000128c                hspi1
 .bss.__sbrk_heap_end
                0x00000000200012e4        0x4 ./Core/Src/sysmem.o
 .bss.huart1    0x00000000200012e8       0x88 ./Core/Src/usart.o
                0x00000000200012e8                huart1
 .bss.uwTick    0x0000000020001370        0x4 ./Drivers/STM32L0xx_HAL_Driver/Src/stm32l0xx_hal.o
                0x0000000020001370                uwTick
 .bss.Paint     0x0000000020001374       0x18 ./epd-lib/GUI/GUI_Paint_new.o
                0x0000000020001374                Paint
 .bss.__lock___malloc_recursive_mutex
                0x000000002000138c        0x1 c:/st/stm32cubeide_1.12.0/stm32cubeide/plugins/com.st.stm32cube.ide.mcu.externaltools.gnu-tools-for-stm32.10.3-2021.10.win32_1.0.200.202301161003/tools/bin/../lib/gcc/arm-none-eabi/10.3.1/../../../../arm-none-eabi/lib/thumb/v6-m/nofp\libc_nano.a(lib_a-lock.o)
                0x000000002000138c                __lock___malloc_recursive_mutex
 .bss.__lock___sfp_recursive_mutex
                0x000000002000138d        0x1 c:/st/stm32cubeide_1.12.0/stm32cubeide/plugins/com.st.stm32cube.ide.mcu.externaltools.gnu-tools-for-stm32.10.3-2021.10.win32_1.0.200.202301161003/tools/bin/../lib/gcc/arm-none-eabi/10.3.1/../../../../arm-none-eabi/lib/thumb/v6-m/nofp\libc_nano.a(lib_a-lock.o)
                0x000000002000138d                __lock___sfp_recursive_mutex
 .bss.__lock___sinit_recursive_mutex
                0x000000002000138e        0x1 c:/st/stm32cubeide_1.12.0/stm32cubeide/plugins/com.st.stm32cube.ide.mcu.externaltools.gnu-tools-for-stm32.10.3-2021.10.win32_1.0.200.202301161003/tools/bin/../lib/gcc/arm-none-eabi/10.3.1/../../../../arm-none-eabi/lib/thumb/v6-m/nofp\libc_nano.a(lib_a-lock.o)
                0x000000002000138e                __lock___sinit_recursive_mutex
 *fill*         0x000000002000138f        0x1 
 .bss.__malloc_free_list
                0x0000000020001390        0x4 c:/st/stm32cubeide_1.12.0/stm32cubeide/plugins/com.st.stm32cube.ide.mcu.externaltools.gnu-tools-for-stm32.10.3-2021.10.win32_1.0.200.202301161003/tools/bin/../lib/gcc/arm-none-eabi/10.3.1/../../../../arm-none-eabi/lib/thumb/v6-m/nofp\libc_nano.a(lib_a-nano-mallocr.o)
                0x0000000020001390                __malloc_free_list
 .bss.__malloc_sbrk_start
                0x0000000020001394        0x4 c:/st/stm32cubeide_1.12.0/stm32cubeide/plugins/com.st.stm32cube.ide.mcu.externaltools.gnu-tools-for-stm32.10.3-2021.10.win32_1.0.200.202301161003/tools/bin/../lib/gcc/arm-none-eabi/10.3.1/../../../../arm-none-eabi/lib/thumb/v6-m/nofp\libc_nano.a(lib_a-nano-mallocr.o)
                0x0000000020001394                __malloc_sbrk_start
 .bss.errno     0x0000000020001398        0x4 c:/st/stm32cubeide_1.12.0/stm32cubeide/plugins/com.st.stm32cube.ide.mcu.externaltools.gnu-tools-for-stm32.10.3-2021.10.win32_1.0.200.202301161003/tools/bin/../lib/gcc/arm-none-eabi/10.3.1/../../../../arm-none-eabi/lib/thumb/v6-m/nofp\libc_nano.a(lib_a-reent.o)
                0x0000000020001398                errno
 *(COMMON)
                0x000000002000139c                . = ALIGN (0x4)
                0x000000002000139c                _ebss = .
                0x000000002000139c                __bss_end__ = _ebss

._user_heap_stack
                0x000000002000139c      0x404 load address 0x000000000800eb8c
                0x00000000200013a0                . = ALIGN (0x8)
 *fill*         0x000000002000139c        0x4 
                [!provide]                        PROVIDE (end = .)
                0x00000000200013a0                PROVIDE (_end = .)
                0x00000000200015a0                . = (. + _Min_Heap_Size)
 *fill*         0x00000000200013a0      0x200 
                0x00000000200017a0                . = (. + _Min_Stack_Size)
 *fill*         0x00000000200015a0      0x200 
                0x00000000200017a0                . = ALIGN (0x8)

/DISCARD/
 libc.a(*)
 libm.a(*)
 libgcc.a(*)

.ARM.attributes
                0x0000000000000000       0x28
 *(.ARM.attributes)
 .ARM.attributes
                0x0000000000000000       0x1e c:/st/stm32cubeide_1.12.0/stm32cubeide/plugins/com.st.stm32cube.ide.mcu.externaltools.gnu-tools-for-stm32.10.3-2021.10.win32_1.0.200.202301161003/tools/bin/../lib/gcc/arm-none-eabi/10.3.1/thumb/v6-m/nofp/crti.o
 .ARM.attributes
                0x000000000000001e       0x2c c:/st/stm32cubeide_1.12.0/stm32cubeide/plugins/com.st.stm32cube.ide.mcu.externaltools.gnu-tools-for-stm32.10.3-2021.10.win32_1.0.200.202301161003/tools/bin/../lib/gcc/arm-none-eabi/10.3.1/thumb/v6-m/nofp/crtbegin.o
 .ARM.attributes
                0x000000000000004a       0x2c ./Core/Src/eink_nfc.o
 .ARM.attributes
                0x0000000000000076       0x2c ./Core/Src/gpio.o
 .ARM.attributes
                0x00000000000000a2       0x2c ./Core/Src/i2c.o
 .ARM.attributes
                0x00000000000000ce       0x2c ./Core/Src/main.o
 .ARM.attributes
                0x00000000000000fa       0x2c ./Core/Src/spi.o
 .ARM.attributes
                0x0000000000000126       0x2c ./Core/Src/stm32l0xx_hal_msp.o
 .ARM.attributes
                0x0000000000000152       0x2c ./Core/Src/stm32l0xx_it.o
 .ARM.attributes
                0x000000000000017e       0x2c ./Core/Src/syscalls.o
 .ARM.attributes
                0x00000000000001aa       0x2c ./Core/Src/sysmem.o
 .ARM.attributes
                0x00000000000001d6       0x2c ./Core/Src/system_stm32l0xx.o
 .ARM.attributes
                0x0000000000000202       0x2c ./Core/Src/usart.o
 .ARM.attributes
                0x000000000000022e       0x22 ./Core/Startup/startup_stm32l053c8tx.o
 .ARM.attributes
                0x0000000000000250       0x2c ./Drivers/STM32L0xx_HAL_Driver/Src/stm32l0xx_hal.o
 .ARM.attributes