../qr-codegen/qrcodegen.c:405:18:reedSolomonMultiply	16	static
../qr-codegen/qrcodegen.c:553:14:getAlignmentPatternPositions	24	static
../qr-codegen/qrcodegen.c:852:14:calcSegmentBitLength	8	static
../qr-codegen/qrcodegen.c:1014:12:numCharCountBits	8	static
../qr-codegen/qrcodegen.c:188:15:appendBitsToBuffer	24	static
../qr-codegen/qrcodegen.c:342:14:getNumRawDataModules	16	static
../qr-codegen/qrcodegen.c:782:15:setModuleBounded	16	static
../qr-codegen/qrcodegen.c:567:13:fillRectangle	32	static
../qr-codegen/qrcodegen.c:719:12:finderPenaltyCountPatterns	16	static
../qr-codegen/qrcodegen.c:421:15:initializeFunctionModules	48	static
../qr-codegen/qrcodegen.c:743:13:finderPenaltyAddHistory	16	static
../qr-codegen/qrcodegen.c:330:14:getNumDataCodewords	16	static
../qr-codegen/qrcodegen.c:773:15:getModuleBounded	8	static
../qr-codegen/qrcodegen.c:796:15:setModuleUnbounded.constprop	8	static
../qr-codegen/qrcodegen.c:755:5:qrcodegen_getSize	8	static
../qr-codegen/qrcodegen.c:611:13:applyMask	48	static
../qr-codegen/qrcodegen.c:519:13:drawFormatBits	24	static
../qr-codegen/qrcodegen.c:207:6:qrcodegen_encodeSegmentsAdvanced	120	static
../qr-codegen/qrcodegen.c:170:6:qrcodegen_encodeBinary	80	static
../qr-codegen/qrcodegen.c:199:6:qrcodegen_encodeSegments	32	static
../qr-codegen/qrcodegen.c:765:6:qrcodegen_getModule	8	static
../qr-codegen/qrcodegen.c:813:6:qrcodegen_isNumeric	8	static
../qr-codegen/qrcodegen.c:824:6:qrcodegen_isAlphanumeric	8	static
../qr-codegen/qrcodegen.c:835:8:qrcodegen_calcSegmentBufferSize	8	static
../qr-codegen/qrcodegen.c:879:26:qrcodegen_makeBytes	32	static
../qr-codegen/qrcodegen.c:894:26:qrcodegen_makeNumeric	48	static
../qr-codegen/qrcodegen.c:928:26:qrcodegen_makeAlphanumeric	48	static
../qr-codegen/qrcodegen.c:132:6:qrcodegen_encodeText	96	static
../qr-codegen/qrcodegen.c:962:26:qrcodegen_makeEci	40	static
