../epd-lib/GUI/GUI_Paint_new.c:185:6:Paint_SetPixel.part.0	16	static
../epd-lib/GUI/GUI_Paint_new.c:318:6:Paint_DrawPoint.part.0.constprop	24	static
../epd-lib/GUI/GUI_Paint_new.c:318:6:Paint_DrawPoint.part.0.constprop	72	static
../epd-lib/GUI/GUI_Paint_new.c:518:6:Paint_DrawChar.part.0	56	static
../epd-lib/GUI/GUI_Paint_new.c:358:6:Paint_DrawLine.constprop	64	static
../epd-lib/GUI/GUI_Paint_new.c:358:6:Paint_DrawLine.part.0	72	static
../epd-lib/GUI/GUI_Paint_new.c:93:6:Paint_NewImage	12	static
../epd-lib/GUI/GUI_Paint_new.c:125:6:Paint_SelectImage	0	static
../epd-lib/GUI/GUI_Paint_new.c:135:6:Paint_SetRotate	8	static
../epd-lib/GUI/GUI_Paint_new.c:145:6:Paint_SetScale	8	static
../epd-lib/GUI/GUI_Paint_new.c:166:6:Paint_SetMirroring	8	static
../epd-lib/GUI/GUI_Paint_new.c:185:6:Paint_SetPixel	16	static
../epd-lib/GUI/GUI_Paint_new.c:264:6:Paint_Clear	12	static
../epd-lib/GUI/GUI_Paint_new.c:299:6:Paint_ClearWindows	56	static
../epd-lib/GUI/GUI_Paint_new.c:318:6:Paint_DrawPoint	64	static
../epd-lib/GUI/GUI_Paint_new.c:358:6:Paint_DrawLine	40	static
../epd-lib/GUI/GUI_Paint_new.c:416:6:Paint_DrawRectangle	56	static
../epd-lib/GUI/GUI_Paint_new.c:449:6:Paint_DrawCircle	72	static
../epd-lib/GUI/GUI_Paint_new.c:518:6:Paint_DrawChar	32	static
../epd-lib/GUI/GUI_Paint_new.c:567:6:Paint_DrawString_EN	56	static
../epd-lib/GUI/GUI_Paint_new.c:612:6:Paint_DrawString_CN	64	static
../epd-lib/GUI/GUI_Paint_new.c:708:6:Paint_DrawNum	560	static
../epd-lib/GUI/GUI_Paint_new.c:751:6:Paint_DrawNumDecimals	576	static
../epd-lib/GUI/GUI_Paint_new.c:810:6:Paint_DrawTime	80	static
../epd-lib/GUI/GUI_Paint_new.c:836:6:Paint_DrawBitMap	16	static
../epd-lib/GUI/GUI_Paint_new.c:861:6:Paint_DrawBitMap_Paste	80	static
../epd-lib/GUI/GUI_Paint_new.c:891:6:Paint_DrawQR_Paste	904	static
../epd-lib/GUI/GUI_Paint_new.c:931:6:Paint_DrawBitMap_Block	20	static
