../qr-codegen/qrcodegen.c:719:12:finderPenaltyCountPatterns	16	static
../qr-codegen/qrcodegen.c:188:15:appendBitsToBuffer.part.0	8	static
../qr-codegen/qrcodegen.c:755:5:qrcodegen_getSize.part.0	8	static
../qr-codegen/qrcodegen.c:330:14:getNumDataCodewords	16	static
../qr-codegen/qrcodegen.c:611:13:applyMask	64	static
../qr-codegen/qrcodegen.c:421:15:initializeFunctionModules	88	static
../qr-codegen/qrcodegen.c:782:15:setModuleBounded	16	static
../qr-codegen/qrcodegen.c:519:13:drawFormatBits	88	static
../qr-codegen/qrcodegen.c:207:6:qrcodegen_encodeSegmentsAdvanced	168	static
../qr-codegen/qrcodegen.c:170:6:qrcodegen_encodeBinary	64	static
../qr-codegen/qrcodegen.c:199:6:qrcodegen_encodeSegments	32	static
../qr-codegen/qrcodegen.c:755:5:qrcodegen_getSize	8	static
../qr-codegen/qrcodegen.c:765:6:qrcodegen_getModule	8	static
../qr-codegen/qrcodegen.c:813:6:qrcodegen_isNumeric	8	static
../qr-codegen/qrcodegen.c:824:6:qrcodegen_isAlphanumeric	16	static
../qr-codegen/qrcodegen.c:835:8:qrcodegen_calcSegmentBufferSize	8	static
../qr-codegen/qrcodegen.c:879:26:qrcodegen_makeBytes	24	static
../qr-codegen/qrcodegen.c:894:26:qrcodegen_makeNumeric	48	static
../qr-codegen/qrcodegen.c:928:26:qrcodegen_makeAlphanumeric	48	static
../qr-codegen/qrcodegen.c:132:6:qrcodegen_encodeText	104	static
../qr-codegen/qrcodegen.c:962:26:qrcodegen_makeEci	48	static
